ant/ant-launcher/1.6.5/ant-launcher-1.6.5.pom
ant/ant-launcher/1.6.5/ant-launcher-1.6.5.pom.sha1
ant/ant-launcher/1.6.5/ant-launcher-1.6.5.jar.sha1
ant/ant-launcher/1.6.5/ant-launcher-1.6.5.jar
ant/ant/1.6.5/ant-1.6.5.pom
ant/ant/1.6.5/ant-1.6.5.jar.sha1
ant/ant/1.6.5/ant-1.6.5.pom.sha1
ant/ant/1.6.5/ant-1.6.5.jar
jdom/jdom/1.0/jdom-1.0.pom.sha1
jdom/jdom/1.0/jdom-1.0.pom
classworlds/classworlds/1.1-alpha-2/classworlds-1.1-alpha-2.pom
classworlds/classworlds/1.1-alpha-2/classworlds-1.1-alpha-2.pom.sha1
classworlds/classworlds/1.1/classworlds-1.1.pom
classworlds/classworlds/1.1/classworlds-1.1.pom.sha1
batik/batik-css/1.6/batik-css-1.6.jar.sha1
batik/batik-css/1.6/batik-css-1.6.jar
batik/batik-css/1.6/batik-css-1.6.pom
batik/batik-css/1.6/batik-css-1.6.pom.sha1
batik/batik-gvt/1.6/batik-gvt-1.6.pom.sha1
batik/batik-gvt/1.6/batik-gvt-1.6.jar
batik/batik-gvt/1.6/batik-gvt-1.6.jar.sha1
batik/batik-gvt/1.6/batik-gvt-1.6.pom
batik/batik-transcoder/1.6/batik-transcoder-1.6.pom.sha1
batik/batik-transcoder/1.6/batik-transcoder-1.6.pom
batik/batik-transcoder/1.6/batik-transcoder-1.6.jar
batik/batik-transcoder/1.6/batik-transcoder-1.6.jar.sha1
batik/batik-awt-util/1.6/batik-awt-util-1.6.jar
batik/batik-awt-util/1.6/batik-awt-util-1.6.pom.sha1
batik/batik-awt-util/1.6/batik-awt-util-1.6.pom
batik/batik-awt-util/1.6/batik-awt-util-1.6.jar.sha1
batik/batik-bridge/1.6/batik-bridge-1.6.jar.sha1
batik/batik-bridge/1.6/batik-bridge-1.6.pom
batik/batik-bridge/1.6/batik-bridge-1.6.jar
batik/batik-bridge/1.6/batik-bridge-1.6.pom.sha1
batik/batik-parser/1.6/batik-parser-1.6.pom.sha1
batik/batik-parser/1.6/batik-parser-1.6.pom
batik/batik-parser/1.6/batik-parser-1.6.jar
batik/batik-parser/1.6/batik-parser-1.6.jar.sha1
batik/batik-dom/1.6/batik-dom-1.6.jar
batik/batik-dom/1.6/batik-dom-1.6.pom
batik/batik-dom/1.6/batik-dom-1.6.jar.sha1
batik/batik-dom/1.6/batik-dom-1.6.pom.sha1
batik/batik-svg-dom/1.6/batik-svg-dom-1.6.jar
batik/batik-svg-dom/1.6/batik-svg-dom-1.6.pom
batik/batik-svg-dom/1.6/batik-svg-dom-1.6.jar.sha1
batik/batik-svg-dom/1.6/batik-svg-dom-1.6.pom.sha1
batik/batik-swing/1.6/batik-swing-1.6.jar
batik/batik-swing/1.6/batik-swing-1.6.pom.sha1
batik/batik-swing/1.6/batik-swing-1.6.pom
batik/batik-swing/1.6/batik-swing-1.6.jar.sha1
batik/batik-xml/1.6/batik-xml-1.6.pom
batik/batik-xml/1.6/batik-xml-1.6.jar
batik/batik-xml/1.6/batik-xml-1.6.jar.sha1
batik/batik-xml/1.6/batik-xml-1.6.pom.sha1
batik/batik-rasterizer/1.6/batik-rasterizer-1.6.jar
batik/batik-rasterizer/1.6/batik-rasterizer-1.6.pom.sha1
batik/batik-rasterizer/1.6/batik-rasterizer-1.6.jar.sha1
batik/batik-rasterizer/1.6/batik-rasterizer-1.6.pom
batik/batik-script/1.6/batik-script-1.6.pom
batik/batik-script/1.6/batik-script-1.6.jar
batik/batik-script/1.6/batik-script-1.6.pom.sha1
batik/batik-script/1.6/batik-script-1.6.jar.sha1
batik/batik-util/1.6/batik-util-1.6.jar
batik/batik-util/1.6/batik-util-1.6.pom
batik/batik-util/1.6/batik-util-1.6.jar.sha1
batik/batik-util/1.6/batik-util-1.6.pom.sha1
commons-collections/commons-collections/2.0/commons-collections-2.0.pom
commons-collections/commons-collections/2.0/commons-collections-2.0.pom.sha1
commons-collections/commons-collections/3.1/commons-collections-3.1.pom
commons-collections/commons-collections/3.1/commons-collections-3.1.pom.sha1
commons-collections/commons-collections/3.2.1/commons-collections-3.2.1.pom
commons-collections/commons-collections/3.2.1/commons-collections-3.2.1.jar.sha1
commons-collections/commons-collections/3.2.1/commons-collections-3.2.1.pom.sha1
commons-collections/commons-collections/3.2.1/commons-collections-3.2.1.jar
commons-collections/commons-collections/2.1/commons-collections-2.1.jar
commons-collections/commons-collections/2.1/commons-collections-2.1.jar.sha1
commons-collections/commons-collections/2.1/commons-collections-2.1.pom
commons-collections/commons-collections/2.1/commons-collections-2.1.pom.sha1
commons-collections/commons-collections/3.2/commons-collections-3.2.pom.sha1
commons-collections/commons-collections/3.2/commons-collections-3.2.pom
javax/servlet/jsp/jsp-api/2.0/jsp-api-2.0.jar.sha1
javax/servlet/jsp/jsp-api/2.0/jsp-api-2.0.pom
javax/servlet/jsp/jsp-api/2.0/jsp-api-2.0.jar
javax/servlet/jsp/jsp-api/2.0/jsp-api-2.0.pom.sha1
javax/servlet/servlet-api/2.5/servlet-api-2.5.jar.sha1
javax/servlet/servlet-api/2.5/servlet-api-2.5.jar
commons-lang/commons-lang/2.5/commons-lang-2.5.jar
commons-lang/commons-lang/2.5/commons-lang-2.5.jar.sha1
commons-lang/commons-lang/2.6/commons-lang-2.6.jar
commons-lang/commons-lang/2.6/commons-lang-2.6.pom.sha1
commons-lang/commons-lang/2.6/commons-lang-2.6.pom
commons-lang/commons-lang/2.6/commons-lang-2.6.jar.sha1
commons-lang/commons-lang/2.1/commons-lang-2.1.jar.sha1
commons-lang/commons-lang/2.1/commons-lang-2.1.pom
commons-lang/commons-lang/2.1/commons-lang-2.1.jar
commons-lang/commons-lang/2.1/commons-lang-2.1.pom.sha1
xerces/xmlParserAPIs/2.6.2/xmlParserAPIs-2.6.2.jar.sha1
xerces/xmlParserAPIs/2.6.2/xmlParserAPIs-2.6.2.pom.sha1
xerces/xmlParserAPIs/2.6.2/xmlParserAPIs-2.6.2.jar
xerces/xmlParserAPIs/2.6.2/xmlParserAPIs-2.6.2.pom
xerces/xmlParserAPIs/2.6.1/xmlParserAPIs-2.6.1.pom.sha1
xerces/xmlParserAPIs/2.6.1/xmlParserAPIs-2.6.1.pom
xerces/xercesImpl/2.2.1/xercesImpl-2.2.1.pom
xerces/xercesImpl/2.2.1/xercesImpl-2.2.1.pom.sha1
xerces/xercesImpl/2.9.1/xercesImpl-2.9.1.pom.sha1
xerces/xercesImpl/2.9.1/xercesImpl-2.9.1.pom
xerces/xercesImpl/2.5.0/xercesImpl-2.5.0.pom.sha1
xerces/xercesImpl/2.5.0/xercesImpl-2.5.0.pom
xerces/xercesImpl/2.6.2/xercesImpl-2.6.2.pom
xerces/xercesImpl/2.6.2/xercesImpl-2.6.2.pom.sha1
xerces/xercesImpl/2.8.0/xercesImpl-2.8.0.pom
xerces/xercesImpl/2.8.0/xercesImpl-2.8.0.pom.sha1
xerces/xercesImpl/2.8.0/xercesImpl-2.8.0.jar.sha1
xerces/xercesImpl/2.8.0/xercesImpl-2.8.0.jar
edu/princeton/cup/java-cup/10k/java-cup-10k.pom.sha1
edu/princeton/cup/java-cup/10k/java-cup-10k.jar.sha1
edu/princeton/cup/java-cup/10k/java-cup-10k.pom
edu/princeton/cup/java-cup/10k/java-cup-10k.jar
xml-apis/xmlParserAPIs/2.0.2/xmlParserAPIs-2.0.2.jar.sha1
xml-apis/xmlParserAPIs/2.0.2/xmlParserAPIs-2.0.2.jar
xml-apis/xmlParserAPIs/2.0.2/xmlParserAPIs-2.0.2.pom
xml-apis/xmlParserAPIs/2.0.2/xmlParserAPIs-2.0.2.pom.sha1
xml-apis/xml-apis/1.4.01/xml-apis-1.4.01.pom
xml-apis/xml-apis/1.4.01/xml-apis-1.4.01.pom.sha1
xml-apis/xml-apis/2.0.2/xml-apis-2.0.2.jar
xml-apis/xml-apis/2.0.2/xml-apis-2.0.2.pom
xml-apis/xml-apis/2.0.2/xml-apis-2.0.2.pom.sha1
xml-apis/xml-apis/2.0.2/xml-apis-2.0.2.jar.sha1
xml-apis/xml-apis/1.3.03/xml-apis-1.3.03.pom
xml-apis/xml-apis/1.3.03/xml-apis-1.3.03.pom.sha1
xml-apis/xml-apis/1.0.b2/xml-apis-1.0.b2.pom
xml-apis/xml-apis/1.0.b2/xml-apis-1.0.b2.pom.sha1
xml-apis/xml-apis/1.3.04/xml-apis-1.3.04.jar.sha1
xml-apis/xml-apis/1.3.04/xml-apis-1.3.04.pom
xml-apis/xml-apis/1.3.04/xml-apis-1.3.04.jar
xml-apis/xml-apis/1.3.04/xml-apis-1.3.04.pom.sha1
xml-apis/xml-apis-ext/1.3.04/xml-apis-ext-1.3.04.pom
xml-apis/xml-apis-ext/1.3.04/xml-apis-ext-1.3.04.pom.sha1
xml-apis/xml-apis-ext/1.3.04/xml-apis-ext-1.3.04.jar
xml-apis/xml-apis-ext/1.3.04/xml-apis-ext-1.3.04.jar.sha1
commons-el/commons-el/1.0/commons-el-1.0.pom.sha1
commons-el/commons-el/1.0/commons-el-1.0.jar
commons-el/commons-el/1.0/commons-el-1.0.jar.sha1
commons-el/commons-el/1.0/commons-el-1.0.pom
commons-validator/commons-validator/1.2.0/commons-validator-1.2.0.jar
commons-validator/commons-validator/1.2.0/commons-validator-1.2.0.pom.sha1
commons-validator/commons-validator/1.2.0/commons-validator-1.2.0.jar.sha1
commons-validator/commons-validator/1.2.0/commons-validator-1.2.0.pom
com/jcraft/jsch/0.1.46/jsch-0.1.46.pom.sha1
com/jcraft/jsch/0.1.46/jsch-0.1.46.jar
com/jcraft/jsch/0.1.46/jsch-0.1.46.pom
com/jcraft/jsch/0.1.46/jsch-0.1.46.jar.sha1
com/ibm/icu/icu4j/4.6/icu4j-4.6.pom.sha1
com/ibm/icu/icu4j/4.6/icu4j-4.6.jar.sha1
com/ibm/icu/icu4j/4.6/icu4j-4.6.jar
com/ibm/icu/icu4j/4.6/icu4j-4.6.pom
com/ibm/icu/icu4j/2.6.1/icu4j-2.6.1.pom
com/ibm/icu/icu4j/2.6.1/icu4j-2.6.1.pom.sha1
com/xmlcalabash/xmlcalabash/1.0.13-94/xmlcalabash-1.0.13-94.jar.sha1
com/xmlcalabash/xmlcalabash/1.0.13-94/xmlcalabash-1.0.13-94.jar
com/xmlcalabash/xmlcalabash/1.0.13-94/xmlcalabash-1.0.13-94.pom.sha1
com/xmlcalabash/xmlcalabash/1.0.13-94/xmlcalabash-1.0.13-94.pom
com/thaiopensource/jing/20091111/jing-20091111.jar
com/thaiopensource/jing/20091111/jing-20091111.pom
com/thaiopensource/jing/20091111/jing-20091111.jar.sha1
com/thaiopensource/jing/20091111/jing-20091111.pom.sha1
com/agilejava/docbkx/docbkx/2.0.14/docbkx-2.0.14.pom
com/agilejava/docbkx/docbkx/2.0.14/docbkx-2.0.14.pom.sha1
com/agilejava/docbkx/docbkx-maven-plugin/2.0.14/docbkx-maven-plugin-2.0.14.jar.sha1
com/agilejava/docbkx/docbkx-maven-plugin/2.0.14/docbkx-maven-plugin-2.0.14.pom
com/agilejava/docbkx/docbkx-maven-plugin/2.0.14/docbkx-maven-plugin-2.0.14.pom.sha1
com/agilejava/docbkx/docbkx-maven-plugin/2.0.14/docbkx-maven-plugin-2.0.14.jar
com/agilejava/docbkx/docbkx-maven-base/2.0.14/docbkx-maven-base-2.0.14.jar.sha1
com/agilejava/docbkx/docbkx-maven-base/2.0.14/docbkx-maven-base-2.0.14.jar
com/agilejava/docbkx/docbkx-maven-base/2.0.14/docbkx-maven-base-2.0.14.pom.sha1
com/agilejava/docbkx/docbkx-maven-base/2.0.14/docbkx-maven-base-2.0.14.pom
com/rackspace/cloud/api/clouddocs-maven-plugin/2.1.2/clouddocs-maven-plugin-2.1.2.pom.sha1
com/rackspace/cloud/api/clouddocs-maven-plugin/2.1.2/clouddocs-maven-plugin-2.1.2.jar
com/rackspace/cloud/api/clouddocs-maven-plugin/2.1.2/clouddocs-maven-plugin-2.1.2.pom
com/rackspace/cloud/api/clouddocs-maven-plugin/2.1.2/clouddocs-maven-plugin-2.1.2.jar.sha1
com/rackspace/apache/xerces2-xsd11/2.11.2/xerces2-xsd11-2.11.2.pom
com/rackspace/apache/xerces2-xsd11/2.11.2/xerces2-xsd11-2.11.2.jar
com/rackspace/apache/xerces2-xsd11/2.11.2/xerces2-xsd11-2.11.2.pom.sha1
com/rackspace/apache/xerces2-xsd11/2.11.2/xerces2-xsd11-2.11.2.jar.sha1
com/rackspace/eclipse/webtools/sourceediting/org.eclipse.wst.xml.xpath2.processor/2.1.100/org.eclipse.wst.xml.xpath2.processor-2.1.100.jar.sha1
com/rackspace/eclipse/webtools/sourceediting/org.eclipse.wst.xml.xpath2.processor/2.1.100/org.eclipse.wst.xml.xpath2.processor-2.1.100.jar
com/rackspace/eclipse/webtools/sourceediting/org.eclipse.wst.xml.xpath2.processor/2.1.100/org.eclipse.wst.xml.xpath2.processor-2.1.100.pom.sha1
com/rackspace/eclipse/webtools/sourceediting/org.eclipse.wst.xml.xpath2.processor/2.1.100/org.eclipse.wst.xml.xpath2.processor-2.1.100.pom
com/googlecode/javaewah/JavaEWAH/0.5.6/JavaEWAH-0.5.6.pom.sha1
com/googlecode/javaewah/JavaEWAH/0.5.6/JavaEWAH-0.5.6.jar
com/googlecode/javaewah/JavaEWAH/0.5.6/JavaEWAH-0.5.6.pom
com/googlecode/javaewah/JavaEWAH/0.5.6/JavaEWAH-0.5.6.jar.sha1
commons-digester/commons-digester/1.6/commons-digester-1.6.jar
commons-digester/commons-digester/1.6/commons-digester-1.6.pom
commons-digester/commons-digester/1.6/commons-digester-1.6.pom.sha1
commons-digester/commons-digester/1.6/commons-digester-1.6.jar.sha1
plexus/plexus-root/1.0.3/plexus-root-1.0.3.pom.sha1
plexus/plexus-root/1.0.3/plexus-root-1.0.3.pom
plexus/plexus-root/1.0/plexus-root-1.0.pom
plexus/plexus-root/1.0/plexus-root-1.0.pom.sha1
plexus/plexus-utils/1.0.2/plexus-utils-1.0.2.pom
plexus/plexus-utils/1.0.2/plexus-utils-1.0.2.jar.sha1
plexus/plexus-utils/1.0.2/plexus-utils-1.0.2.pom.sha1
plexus/plexus-utils/1.0.2/plexus-utils-1.0.2.jar
plexus/plexus-utils/1.0.1/plexus-utils-1.0.1.pom.sha1
plexus/plexus-utils/1.0.1/plexus-utils-1.0.1.pom
plexus/plexus-utils/1.0.1/plexus-utils-1.0.1.jar.sha1
plexus/plexus-utils/1.0.1/plexus-utils-1.0.1.jar
plexus/plexus-containers/1.0.2/plexus-containers-1.0.2.pom.sha1
plexus/plexus-containers/1.0.2/plexus-containers-1.0.2.pom
jaxen/jaxen/1.1-beta-8/jaxen-1.1-beta-8.pom.sha1
jaxen/jaxen/1.1-beta-8/jaxen-1.1-beta-8.pom
jaxen/jaxen/1.0-FCS/jaxen-1.0-FCS.pom
jaxen/jaxen/1.0-FCS/jaxen-1.0-FCS.jar.sha1
jaxen/jaxen/1.0-FCS/jaxen-1.0-FCS.pom.sha1
jaxen/jaxen/1.0-FCS/jaxen-1.0-FCS.jar
asm/asm-parent/3.0/asm-parent-3.0.pom.sha1
asm/asm-parent/3.0/asm-parent-3.0.pom
asm/asm/3.0/asm-3.0.pom
asm/asm/3.0/asm-3.0.pom.sha1
asm/asm/3.0/asm-3.0.jar
asm/asm/3.0/asm-3.0.jar.sha1
isorelax/isorelax/20030108/isorelax-20030108.jar.sha1
isorelax/isorelax/20030108/isorelax-20030108.jar
isorelax/isorelax/20030108/isorelax-20030108.pom
isorelax/isorelax/20030108/isorelax-20030108.pom.sha1
commons-codec/commons-codec/1.3/commons-codec-1.3.pom
commons-codec/commons-codec/1.3/commons-codec-1.3.pom.sha1
commons-codec/commons-codec/1.6/commons-codec-1.6.pom.sha1
commons-codec/commons-codec/1.6/commons-codec-1.6.pom
commons-codec/commons-codec/1.5/commons-codec-1.5.jar
commons-codec/commons-codec/1.5/commons-codec-1.5.pom
commons-codec/commons-codec/1.5/commons-codec-1.5.jar.sha1
commons-codec/commons-codec/1.5/commons-codec-1.5.pom.sha1
xml-resolver/xml-resolver/1.2/xml-resolver-1.2.jar.sha1
xml-resolver/xml-resolver/1.2/xml-resolver-1.2.jar
xml-resolver/xml-resolver/1.2/xml-resolver-1.2.pom
xml-resolver/xml-resolver/1.2/xml-resolver-1.2.pom.sha1
xml-resolver/xml-resolver/1.1/xml-resolver-1.1.pom
xml-resolver/xml-resolver/1.1/xml-resolver-1.1.pom.sha1
velocity/velocity-dep/1.4/velocity-dep-1.4.jar
velocity/velocity-dep/1.4/velocity-dep-1.4.pom
velocity/velocity-dep/1.4/velocity-dep-1.4.pom.sha1
velocity/velocity-dep/1.4/velocity-dep-1.4.jar.sha1
velocity/velocity/1.4/velocity-1.4.pom.sha1
velocity/velocity/1.4/velocity-1.4.jar.sha1
velocity/velocity/1.4/velocity-1.4.pom
velocity/velocity/1.4/velocity-1.4.jar
commons-cli/commons-cli/1.0/commons-cli-1.0.jar
commons-cli/commons-cli/1.0/commons-cli-1.0.pom
commons-cli/commons-cli/1.0/commons-cli-1.0.pom.sha1
commons-cli/commons-cli/1.0/commons-cli-1.0.jar.sha1
junit/junit/3.8.1/junit-3.8.1.pom
junit/junit/3.8.1/junit-3.8.1.jar
junit/junit/3.8.1/junit-3.8.1.jar.sha1
junit/junit/3.8.1/junit-3.8.1.pom.sha1
xom/xom/1.1/xom-1.1.pom
xom/xom/1.1/xom-1.1.jar
xom/xom/1.1/xom-1.1.jar.sha1
xom/xom/1.1/xom-1.1.pom.sha1
xom/xom/1.0b3/xom-1.0b3.pom.sha1
xom/xom/1.0b3/xom-1.0b3.pom
doxia/doxia-sink-api/1.0-alpha-4/doxia-sink-api-1.0-alpha-4.pom.sha1
doxia/doxia-sink-api/1.0-alpha-4/doxia-sink-api-1.0-alpha-4.pom
saxpath/saxpath/1.0-FCS/saxpath-1.0-FCS.pom
saxpath/saxpath/1.0-FCS/saxpath-1.0-FCS.pom.sha1
saxpath/saxpath/1.0-FCS/saxpath-1.0-FCS.jar
saxpath/saxpath/1.0-FCS/saxpath-1.0-FCS.jar.sha1
oro/oro/2.0.7/oro-2.0.7.jar.sha1
oro/oro/2.0.7/oro-2.0.7.pom.sha1
oro/oro/2.0.7/oro-2.0.7.jar
oro/oro/2.0.7/oro-2.0.7.pom
oro/oro/2.0.8/oro-2.0.8.jar
oro/oro/2.0.8/oro-2.0.8.pom
oro/oro/2.0.8/oro-2.0.8.pom.sha1
oro/oro/2.0.8/oro-2.0.8.jar.sha1
antlr/stringtemplate/2.2/stringtemplate-2.2.jar.sha1
antlr/stringtemplate/2.2/stringtemplate-2.2.pom.sha1
antlr/stringtemplate/2.2/stringtemplate-2.2.pom
antlr/stringtemplate/2.2/stringtemplate-2.2.jar
antlr/antlr/2.7.2/antlr-2.7.2.pom
antlr/antlr/2.7.2/antlr-2.7.2.pom.sha1
antlr/antlr/2.7.2/antlr-2.7.2.jar.sha1
antlr/antlr/2.7.2/antlr-2.7.2.jar
commons-io/commons-io/2.0/commons-io-2.0.pom.sha1
commons-io/commons-io/2.0/commons-io-2.0.jar.sha1
commons-io/commons-io/2.0/commons-io-2.0.pom
commons-io/commons-io/2.0/commons-io-2.0.jar
commons-io/commons-io/1.4/commons-io-1.4.jar.sha1
commons-io/commons-io/1.4/commons-io-1.4.jar
commons-io/commons-io/1.4/commons-io-1.4.pom.sha1
commons-io/commons-io/1.4/commons-io-1.4.pom
commons-io/commons-io/1.3.1/commons-io-1.3.1.pom.sha1
commons-io/commons-io/1.3.1/commons-io-1.3.1.pom
commons-io/commons-io/1.1/commons-io-1.1.pom
commons-io/commons-io/1.1/commons-io-1.1.pom.sha1
commons-logging/commons-logging/1.0.4/commons-logging-1.0.4.pom
commons-logging/commons-logging/1.0.4/commons-logging-1.0.4.pom.sha1
commons-logging/commons-logging/1.0.4/commons-logging-1.0.4.jar.sha1
commons-logging/commons-logging/1.0.4/commons-logging-1.0.4.jar
commons-logging/commons-logging/1.1.1/commons-logging-1.1.1.jar
commons-logging/commons-logging/1.1.1/commons-logging-1.1.1.pom
commons-logging/commons-logging/1.1.1/commons-logging-1.1.1.pom.sha1
commons-logging/commons-logging/1.1.1/commons-logging-1.1.1.jar.sha1
commons-logging/commons-logging/1.0.3/commons-logging-1.0.3.pom.sha1
commons-logging/commons-logging/1.0.3/commons-logging-1.0.3.pom
commons-logging/commons-logging/1.0/commons-logging-1.0.pom.sha1
commons-logging/commons-logging/1.0/commons-logging-1.0.pom
commons-logging/commons-logging-api/1.0.4/commons-logging-api-1.0.4.jar
commons-logging/commons-logging-api/1.0.4/commons-logging-api-1.0.4.pom
commons-logging/commons-logging-api/1.0.4/commons-logging-api-1.0.4.pom.sha1
commons-logging/commons-logging-api/1.0.4/commons-logging-api-1.0.4.jar.sha1
commons-logging/commons-logging-api/1.1/commons-logging-api-1.1.pom.sha1
commons-logging/commons-logging-api/1.1/commons-logging-api-1.1.pom
commons-logging/commons-logging-api/1.1/commons-logging-api-1.1.jar.sha1
commons-logging/commons-logging-api/1.1/commons-logging-api-1.1.jar
commons-beanutils/commons-beanutils/1.7.0/commons-beanutils-1.7.0.jar.sha1
commons-beanutils/commons-beanutils/1.7.0/commons-beanutils-1.7.0.pom.sha1
commons-beanutils/commons-beanutils/1.7.0/commons-beanutils-1.7.0.pom
commons-beanutils/commons-beanutils/1.7.0/commons-beanutils-1.7.0.jar
commons-beanutils/commons-beanutils/1.6/commons-beanutils-1.6.pom.sha1
commons-beanutils/commons-beanutils/1.6/commons-beanutils-1.6.pom
org/codehaus/plexus/plexus-compiler-manager/1.8.1/plexus-compiler-manager-1.8.1.jar.sha1
org/codehaus/plexus/plexus-compiler-manager/1.8.1/plexus-compiler-manager-1.8.1.jar
org/codehaus/plexus/plexus-velocity/1.1.7/plexus-velocity-1.1.7.jar.sha1
org/codehaus/plexus/plexus-velocity/1.1.7/plexus-velocity-1.1.7.pom
org/codehaus/plexus/plexus-velocity/1.1.7/plexus-velocity-1.1.7.pom.sha1
org/codehaus/plexus/plexus-velocity/1.1.7/plexus-velocity-1.1.7.jar
org/codehaus/plexus/plexus-velocity/1.1.2/plexus-velocity-1.1.2.jar
org/codehaus/plexus/plexus-velocity/1.1.2/plexus-velocity-1.1.2.pom.sha1
org/codehaus/plexus/plexus-velocity/1.1.2/plexus-velocity-1.1.2.pom
org/codehaus/plexus/plexus-velocity/1.1.2/plexus-velocity-1.1.2.jar.sha1
org/codehaus/plexus/plexus-velocity/1.1.8/plexus-velocity-1.1.8.jar.sha1
org/codehaus/plexus/plexus-velocity/1.1.8/plexus-velocity-1.1.8.jar
org/codehaus/plexus/plexus-archiver/2.0/plexus-archiver-2.0.pom
org/codehaus/plexus/plexus-archiver/2.0/plexus-archiver-2.0.jar.sha1
org/codehaus/plexus/plexus-archiver/2.0/plexus-archiver-2.0.pom.sha1
org/codehaus/plexus/plexus-archiver/2.0/plexus-archiver-2.0.jar
org/codehaus/plexus/plexus-archiver/1.0-alpha-9/plexus-archiver-1.0-alpha-9.jar.sha1
org/codehaus/plexus/plexus-archiver/1.0-alpha-9/plexus-archiver-1.0-alpha-9.jar
org/codehaus/plexus/plexus-archiver/1.0-alpha-9/plexus-archiver-1.0-alpha-9.pom.sha1
org/codehaus/plexus/plexus-archiver/1.0-alpha-9/plexus-archiver-1.0-alpha-9.pom
org/codehaus/plexus/plexus-archiver/2.0.1/plexus-archiver-2.0.1.jar
org/codehaus/plexus/plexus-archiver/2.0.1/plexus-archiver-2.0.1.jar.sha1
org/codehaus/plexus/plexus-archiver/1.0/plexus-archiver-1.0.jar
org/codehaus/plexus/plexus-archiver/1.0/plexus-archiver-1.0.jar.sha1
org/codehaus/plexus/plexus-archiver/1.0-alpha-5/plexus-archiver-1.0-alpha-5.pom.sha1
org/codehaus/plexus/plexus-archiver/1.0-alpha-5/plexus-archiver-1.0-alpha-5.pom
org/codehaus/plexus/plexus-archiver/1.0-alpha-7/plexus-archiver-1.0-alpha-7.pom.sha1
org/codehaus/plexus/plexus-archiver/1.0-alpha-7/plexus-archiver-1.0-alpha-7.pom
org/codehaus/plexus/plexus-io/2.0/plexus-io-2.0.jar
org/codehaus/plexus/plexus-io/2.0/plexus-io-2.0.pom.sha1
org/codehaus/plexus/plexus-io/2.0/plexus-io-2.0.jar.sha1
org/codehaus/plexus/plexus-io/2.0/plexus-io-2.0.pom
org/codehaus/plexus/plexus-io/1.0-alpha-1/plexus-io-1.0-alpha-1.pom.sha1
org/codehaus/plexus/plexus-io/1.0-alpha-1/plexus-io-1.0-alpha-1.jar
org/codehaus/plexus/plexus-io/1.0-alpha-1/plexus-io-1.0-alpha-1.jar.sha1
org/codehaus/plexus/plexus-io/1.0-alpha-1/plexus-io-1.0-alpha-1.pom
org/codehaus/plexus/plexus/1.0.4/plexus-1.0.4.pom.sha1
org/codehaus/plexus/plexus/1.0.4/plexus-1.0.4.pom
org/codehaus/plexus/plexus/1.0.8/plexus-1.0.8.pom
org/codehaus/plexus/plexus/1.0.8/plexus-1.0.8.pom.sha1
org/codehaus/plexus/plexus/1.0.12/plexus-1.0.12.pom.sha1
org/codehaus/plexus/plexus/1.0.12/plexus-1.0.12.pom
org/codehaus/plexus/plexus/2.0.7/plexus-2.0.7.pom.sha1
org/codehaus/plexus/plexus/2.0.7/plexus-2.0.7.pom
org/codehaus/plexus/plexus/2.0.2/plexus-2.0.2.pom.sha1
org/codehaus/plexus/plexus/2.0.2/plexus-2.0.2.pom
org/codehaus/plexus/plexus/1.0.9/plexus-1.0.9.pom.sha1
org/codehaus/plexus/plexus/1.0.9/plexus-1.0.9.pom
org/codehaus/plexus/plexus/1.0.11/plexus-1.0.11.pom.sha1
org/codehaus/plexus/plexus/1.0.11/plexus-1.0.11.pom
org/codehaus/plexus/plexus/1.0.10/plexus-1.0.10.pom.sha1
org/codehaus/plexus/plexus/1.0.10/plexus-1.0.10.pom
org/codehaus/plexus/plexus/1.0.5/plexus-1.0.5.pom.sha1
org/codehaus/plexus/plexus/1.0.5/plexus-1.0.5.pom
org/codehaus/plexus/plexus/2.0.6/plexus-2.0.6.pom
org/codehaus/plexus/plexus/2.0.6/plexus-2.0.6.pom.sha1
org/codehaus/plexus/plexus-components/1.1.12/plexus-components-1.1.12.pom
org/codehaus/plexus/plexus-components/1.1.12/plexus-components-1.1.12.pom.sha1
org/codehaus/plexus/plexus-components/1.1.4/plexus-components-1.1.4.pom.sha1
org/codehaus/plexus/plexus-components/1.1.4/plexus-components-1.1.4.pom
org/codehaus/plexus/plexus-components/1.1.9/plexus-components-1.1.9.pom.sha1
org/codehaus/plexus/plexus-components/1.1.9/plexus-components-1.1.9.pom
org/codehaus/plexus/plexus-components/1.1.6/plexus-components-1.1.6.pom
org/codehaus/plexus/plexus-components/1.1.6/plexus-components-1.1.6.pom.sha1
org/codehaus/plexus/plexus-components/1.1.18/plexus-components-1.1.18.pom.sha1
org/codehaus/plexus/plexus-components/1.1.18/plexus-components-1.1.18.pom
org/codehaus/plexus/plexus-i18n/1.0-beta-6/plexus-i18n-1.0-beta-6.pom
org/codehaus/plexus/plexus-i18n/1.0-beta-6/plexus-i18n-1.0-beta-6.jar
org/codehaus/plexus/plexus-i18n/1.0-beta-6/plexus-i18n-1.0-beta-6.pom.sha1
org/codehaus/plexus/plexus-i18n/1.0-beta-6/plexus-i18n-1.0-beta-6.jar.sha1
org/codehaus/plexus/plexus-i18n/1.0-beta-7/plexus-i18n-1.0-beta-7.jar
org/codehaus/plexus/plexus-i18n/1.0-beta-7/plexus-i18n-1.0-beta-7.jar.sha1
org/codehaus/plexus/plexus-i18n/1.0-beta-7/plexus-i18n-1.0-beta-7.pom
org/codehaus/plexus/plexus-i18n/1.0-beta-7/plexus-i18n-1.0-beta-7.pom.sha1
org/codehaus/plexus/plexus-compiler-javac/1.8.1/plexus-compiler-javac-1.8.1.jar
org/codehaus/plexus/plexus-compiler-javac/1.8.1/plexus-compiler-javac-1.8.1.jar.sha1
org/codehaus/plexus/plexus-digest/1.0/plexus-digest-1.0.jar.sha1
org/codehaus/plexus/plexus-digest/1.0/plexus-digest-1.0.jar
org/codehaus/plexus/plexus-utils/1.0.4/plexus-utils-1.0.4.pom
org/codehaus/plexus/plexus-utils/1.0.4/plexus-utils-1.0.4.pom.sha1
org/codehaus/plexus/plexus-utils/1.4.6/plexus-utils-1.4.6.jar
org/codehaus/plexus/plexus-utils/1.4.6/plexus-utils-1.4.6.pom.sha1
org/codehaus/plexus/plexus-utils/1.4.6/plexus-utils-1.4.6.pom
org/codehaus/plexus/plexus-utils/1.4.6/plexus-utils-1.4.6.jar.sha1
org/codehaus/plexus/plexus-utils/1.5.7/plexus-utils-1.5.7.pom
org/codehaus/plexus/plexus-utils/1.5.7/plexus-utils-1.5.7.pom.sha1
org/codehaus/plexus/plexus-utils/1.4.1/plexus-utils-1.4.1.pom.sha1
org/codehaus/plexus/plexus-utils/1.4.1/plexus-utils-1.4.1.pom
org/codehaus/plexus/plexus-utils/1.4.5/plexus-utils-1.4.5.pom.sha1
org/codehaus/plexus/plexus-utils/1.4.5/plexus-utils-1.4.5.pom
org/codehaus/plexus/plexus-utils/1.4.2/plexus-utils-1.4.2.pom
org/codehaus/plexus/plexus-utils/1.4.2/plexus-utils-1.4.2.pom.sha1
org/codehaus/plexus/plexus-utils/1.5.6/plexus-utils-1.5.6.jar
org/codehaus/plexus/plexus-utils/1.5.6/plexus-utils-1.5.6.pom
org/codehaus/plexus/plexus-utils/1.5.6/plexus-utils-1.5.6.pom.sha1
org/codehaus/plexus/plexus-utils/1.5.6/plexus-utils-1.5.6.jar.sha1
org/codehaus/plexus/plexus-utils/1.5.8/plexus-utils-1.5.8.pom
org/codehaus/plexus/plexus-utils/1.5.8/plexus-utils-1.5.8.pom.sha1
org/codehaus/plexus/plexus-utils/2.0.5/plexus-utils-2.0.5.pom
org/codehaus/plexus/plexus-utils/2.0.5/plexus-utils-2.0.5.jar
org/codehaus/plexus/plexus-utils/2.0.5/plexus-utils-2.0.5.jar.sha1
org/codehaus/plexus/plexus-utils/2.0.5/plexus-utils-2.0.5.pom.sha1
org/codehaus/plexus/plexus-utils/1.3/plexus-utils-1.3.pom
org/codehaus/plexus/plexus-utils/1.3/plexus-utils-1.3.pom.sha1
org/codehaus/plexus/plexus-utils/1.4.9/plexus-utils-1.4.9.pom.sha1
org/codehaus/plexus/plexus-utils/1.4.9/plexus-utils-1.4.9.pom
org/codehaus/plexus/plexus-utils/1.2/plexus-utils-1.2.pom.sha1
org/codehaus/plexus/plexus-utils/1.2/plexus-utils-1.2.pom
org/codehaus/plexus/plexus-utils/1.5.10/plexus-utils-1.5.10.jar.sha1
org/codehaus/plexus/plexus-utils/1.5.10/plexus-utils-1.5.10.jar
org/codehaus/plexus/plexus-utils/3.0/plexus-utils-3.0.pom
org/codehaus/plexus/plexus-utils/3.0/plexus-utils-3.0.pom.sha1
org/codehaus/plexus/plexus-utils/3.0/plexus-utils-3.0.jar
org/codehaus/plexus/plexus-utils/3.0/plexus-utils-3.0.jar.sha1
org/codehaus/plexus/plexus-utils/2.1/plexus-utils-2.1.jar
org/codehaus/plexus/plexus-utils/2.1/plexus-utils-2.1.jar.sha1
org/codehaus/plexus/plexus-utils/1.5.1/plexus-utils-1.5.1.pom.sha1
org/codehaus/plexus/plexus-utils/1.5.1/plexus-utils-1.5.1.pom
org/codehaus/plexus/plexus-utils/1.1/plexus-utils-1.1.pom.sha1
org/codehaus/plexus/plexus-utils/1.1/plexus-utils-1.1.pom
org/codehaus/plexus/plexus-utils/1.0.5/plexus-utils-1.0.5.pom.sha1
org/codehaus/plexus/plexus-utils/1.0.5/plexus-utils-1.0.5.pom
org/codehaus/plexus/plexus-classworlds/1.2-alpha-7/plexus-classworlds-1.2-alpha-7.pom
org/codehaus/plexus/plexus-classworlds/1.2-alpha-7/plexus-classworlds-1.2-alpha-7.pom.sha1
org/codehaus/plexus/plexus-classworlds/1.2-alpha-9/plexus-classworlds-1.2-alpha-9.pom
org/codehaus/plexus/plexus-classworlds/1.2-alpha-9/plexus-classworlds-1.2-alpha-9.pom.sha1
org/codehaus/plexus/plexus-container-default/1.0-alpha-8/plexus-container-default-1.0-alpha-8.pom
org/codehaus/plexus/plexus-container-default/1.0-alpha-8/plexus-container-default-1.0-alpha-8.pom.sha1
org/codehaus/plexus/plexus-container-default/1.0-alpha-30/plexus-container-default-1.0-alpha-30.pom.sha1
org/codehaus/plexus/plexus-container-default/1.0-alpha-30/plexus-container-default-1.0-alpha-30.pom
org/codehaus/plexus/plexus-container-default/1.0-alpha-9/plexus-container-default-1.0-alpha-9.pom
org/codehaus/plexus/plexus-container-default/1.0-alpha-9/plexus-container-default-1.0-alpha-9.pom.sha1
org/codehaus/plexus/plexus-container-default/1.0-alpha-20/plexus-container-default-1.0-alpha-20.pom
org/codehaus/plexus/plexus-container-default/1.0-alpha-20/plexus-container-default-1.0-alpha-20.pom.sha1
org/codehaus/plexus/plexus-container-default/1.0-alpha-9-stable-1/plexus-container-default-1.0-alpha-9-stable-1.pom.sha1
org/codehaus/plexus/plexus-container-default/1.0-alpha-9-stable-1/plexus-container-default-1.0-alpha-9-stable-1.pom
org/codehaus/plexus/plexus-container-default/1.0-alpha-9-stable-1/plexus-container-default-1.0-alpha-9-stable-1.jar
org/codehaus/plexus/plexus-container-default/1.0-alpha-9-stable-1/plexus-container-default-1.0-alpha-9-stable-1.jar.sha1
org/codehaus/plexus/plexus-container-default/1.0-alpha-7/plexus-container-default-1.0-alpha-7.pom
org/codehaus/plexus/plexus-container-default/1.0-alpha-7/plexus-container-default-1.0-alpha-7.pom.sha1
org/codehaus/plexus/plexus-interactivity-api/1.0-alpha-4/plexus-interactivity-api-1.0-alpha-4.pom.sha1
org/codehaus/plexus/plexus-interactivity-api/1.0-alpha-4/plexus-interactivity-api-1.0-alpha-4.jar
org/codehaus/plexus/plexus-interactivity-api/1.0-alpha-4/plexus-interactivity-api-1.0-alpha-4.jar.sha1
org/codehaus/plexus/plexus-interactivity-api/1.0-alpha-4/plexus-interactivity-api-1.0-alpha-4.pom
org/codehaus/plexus/plexus-containers/1.0-alpha-30/plexus-containers-1.0-alpha-30.pom.sha1
org/codehaus/plexus/plexus-containers/1.0-alpha-30/plexus-containers-1.0-alpha-30.pom
org/codehaus/plexus/plexus-containers/1.0.3/plexus-containers-1.0.3.pom.sha1
org/codehaus/plexus/plexus-containers/1.0.3/plexus-containers-1.0.3.pom
org/codehaus/plexus/plexus-containers/1.0-alpha-20/plexus-containers-1.0-alpha-20.pom.sha1
org/codehaus/plexus/plexus-containers/1.0-alpha-20/plexus-containers-1.0-alpha-20.pom
org/codehaus/plexus/plexus-compiler-api/1.8.1/plexus-compiler-api-1.8.1.jar.sha1
org/codehaus/plexus/plexus-compiler-api/1.8.1/plexus-compiler-api-1.8.1.jar
org/codehaus/plexus/plexus-interpolation/1.13/plexus-interpolation-1.13.jar.sha1
org/codehaus/plexus/plexus-interpolation/1.13/plexus-interpolation-1.13.jar
org/mockito/mockito-all/1.8.5/mockito-all-1.8.5.jar
org/mockito/mockito-all/1.8.5/mockito-all-1.8.5.pom.sha1
org/mockito/mockito-all/1.8.5/mockito-all-1.8.5.pom
org/mockito/mockito-all/1.8.5/mockito-all-1.8.5.jar.sha1
org/springframework/spring-core/3.1.1.RELEASE/spring-core-3.1.1.RELEASE.pom
org/springframework/spring-core/3.1.1.RELEASE/spring-core-3.1.1.RELEASE.jar
org/springframework/spring-core/3.1.1.RELEASE/spring-core-3.1.1.RELEASE.jar.sha1
org/springframework/spring-core/3.1.1.RELEASE/spring-core-3.1.1.RELEASE.pom.sha1
org/springframework/spring-asm/3.1.1.RELEASE/spring-asm-3.1.1.RELEASE.jar.sha1
org/springframework/spring-asm/3.1.1.RELEASE/spring-asm-3.1.1.RELEASE.pom.sha1
org/springframework/spring-asm/3.1.1.RELEASE/spring-asm-3.1.1.RELEASE.jar
org/springframework/spring-asm/3.1.1.RELEASE/spring-asm-3.1.1.RELEASE.pom
org/springframework/spring-beans/3.1.1.RELEASE/spring-beans-3.1.1.RELEASE.jar.sha1
org/springframework/spring-beans/3.1.1.RELEASE/spring-beans-3.1.1.RELEASE.pom.sha1
org/springframework/spring-beans/3.1.1.RELEASE/spring-beans-3.1.1.RELEASE.pom
org/springframework/spring-beans/3.1.1.RELEASE/spring-beans-3.1.1.RELEASE.jar
org/springframework/spring-aop/3.1.1.RELEASE/spring-aop-3.1.1.RELEASE.pom.sha1
org/springframework/spring-aop/3.1.1.RELEASE/spring-aop-3.1.1.RELEASE.pom
org/springframework/spring-aop/3.1.1.RELEASE/spring-aop-3.1.1.RELEASE.jar
org/springframework/spring-aop/3.1.1.RELEASE/spring-aop-3.1.1.RELEASE.jar.sha1
org/springframework/spring-parent/3.1.1.RELEASE/spring-parent-3.1.1.RELEASE.pom.sha1
org/springframework/spring-parent/3.1.1.RELEASE/spring-parent-3.1.1.RELEASE.pom
org/springframework/spring-context/3.1.1.RELEASE/spring-context-3.1.1.RELEASE.jar
org/springframework/spring-context/3.1.1.RELEASE/spring-context-3.1.1.RELEASE.jar.sha1
org/springframework/spring-context/3.1.1.RELEASE/spring-context-3.1.1.RELEASE.pom
org/springframework/spring-context/3.1.1.RELEASE/spring-context-3.1.1.RELEASE.pom.sha1
org/springframework/spring-web/3.1.1.RELEASE/spring-web-3.1.1.RELEASE.pom.sha1
org/springframework/spring-web/3.1.1.RELEASE/spring-web-3.1.1.RELEASE.pom
org/springframework/spring-web/3.1.1.RELEASE/spring-web-3.1.1.RELEASE.jar
org/springframework/spring-web/3.1.1.RELEASE/spring-web-3.1.1.RELEASE.jar.sha1
org/springframework/spring-expression/3.1.1.RELEASE/spring-expression-3.1.1.RELEASE.pom.sha1
org/springframework/spring-expression/3.1.1.RELEASE/spring-expression-3.1.1.RELEASE.jar.sha1
org/springframework/spring-expression/3.1.1.RELEASE/spring-expression-3.1.1.RELEASE.jar
org/springframework/spring-expression/3.1.1.RELEASE/spring-expression-3.1.1.RELEASE.pom
org/sonatype/forge/forge-parent/5/forge-parent-5.pom
org/sonatype/forge/forge-parent/5/forge-parent-5.pom.sha1
org/sonatype/forge/forge-parent/10/forge-parent-10.pom.sha1
org/sonatype/forge/forge-parent/10/forge-parent-10.pom
org/sonatype/spice/spice-parent/17/spice-parent-17.pom
org/sonatype/spice/spice-parent/17/spice-parent-17.pom.sha1
org/sonatype/spice/spice-parent/16/spice-parent-16.pom
org/sonatype/spice/spice-parent/16/spice-parent-16.pom.sha1
org/sonatype/oss/oss-parent/9/oss-parent-9.pom.sha1
org/sonatype/oss/oss-parent/9/oss-parent-9.pom
org/sonatype/oss/oss-parent/7/oss-parent-7.pom
org/sonatype/oss/oss-parent/7/oss-parent-7.pom.sha1
org/sonatype/oss/oss-parent/6/oss-parent-6.pom
org/sonatype/oss/oss-parent/6/oss-parent-6.pom.sha1
org/sonatype/oss/oss-parent/5/oss-parent-5.pom
org/sonatype/oss/oss-parent/5/oss-parent-5.pom.sha1
org/apache/xmlgraphics/batik-css/1.7/batik-css-1.7.pom
org/apache/xmlgraphics/batik-css/1.7/batik-css-1.7.jar.sha1
org/apache/xmlgraphics/batik-css/1.7/batik-css-1.7.pom.sha1
org/apache/xmlgraphics/batik-css/1.7/batik-css-1.7.jar
org/apache/xmlgraphics/batik-js/1.7/batik-js-1.7.jar.sha1
org/apache/xmlgraphics/batik-js/1.7/batik-js-1.7.pom.sha1
org/apache/xmlgraphics/batik-js/1.7/batik-js-1.7.jar
org/apache/xmlgraphics/batik-js/1.7/batik-js-1.7.pom
org/apache/xmlgraphics/batik-gvt/1.7/batik-gvt-1.7.pom
org/apache/xmlgraphics/batik-gvt/1.7/batik-gvt-1.7.jar
org/apache/xmlgraphics/batik-gvt/1.7/batik-gvt-1.7.pom.sha1
org/apache/xmlgraphics/batik-gvt/1.7/batik-gvt-1.7.jar.sha1
org/apache/xmlgraphics/batik-svggen/1.7/batik-svggen-1.7.jar.sha1
org/apache/xmlgraphics/batik-svggen/1.7/batik-svggen-1.7.pom
org/apache/xmlgraphics/batik-svggen/1.7/batik-svggen-1.7.jar
org/apache/xmlgraphics/batik-svggen/1.7/batik-svggen-1.7.pom.sha1
org/apache/xmlgraphics/batik-ext/1.7/batik-ext-1.7.jar.sha1
org/apache/xmlgraphics/batik-ext/1.7/batik-ext-1.7.pom.sha1
org/apache/xmlgraphics/batik-ext/1.7/batik-ext-1.7.jar
org/apache/xmlgraphics/batik-ext/1.7/batik-ext-1.7.pom
org/apache/xmlgraphics/batik-transcoder/1.7/batik-transcoder-1.7.jar.sha1
org/apache/xmlgraphics/batik-transcoder/1.7/batik-transcoder-1.7.pom.sha1
org/apache/xmlgraphics/batik-transcoder/1.7/batik-transcoder-1.7.pom
org/apache/xmlgraphics/batik-transcoder/1.7/batik-transcoder-1.7.jar
org/apache/xmlgraphics/batik-awt-util/1.7/batik-awt-util-1.7.jar.sha1
org/apache/xmlgraphics/batik-awt-util/1.7/batik-awt-util-1.7.jar
org/apache/xmlgraphics/batik-awt-util/1.7/batik-awt-util-1.7.pom
org/apache/xmlgraphics/batik-awt-util/1.7/batik-awt-util-1.7.pom.sha1
org/apache/xmlgraphics/fop/0.94/fop-0.94.pom.sha1
org/apache/xmlgraphics/fop/0.94/fop-0.94.pom
org/apache/xmlgraphics/fop/1.0/fop-1.0.jar
org/apache/xmlgraphics/fop/1.0/fop-1.0.pom
org/apache/xmlgraphics/fop/1.0/fop-1.0.jar.sha1
org/apache/xmlgraphics/fop/1.0/fop-1.0.pom.sha1
org/apache/xmlgraphics/batik-bridge/1.7/batik-bridge-1.7.pom.sha1
org/apache/xmlgraphics/batik-bridge/1.7/batik-bridge-1.7.jar
org/apache/xmlgraphics/batik-bridge/1.7/batik-bridge-1.7.pom
org/apache/xmlgraphics/batik-bridge/1.7/batik-bridge-1.7.jar.sha1
org/apache/xmlgraphics/batik-parser/1.7/batik-parser-1.7.pom.sha1
org/apache/xmlgraphics/batik-parser/1.7/batik-parser-1.7.jar
org/apache/xmlgraphics/batik-parser/1.7/batik-parser-1.7.jar.sha1
org/apache/xmlgraphics/batik-parser/1.7/batik-parser-1.7.pom
org/apache/xmlgraphics/batik-dom/1.7/batik-dom-1.7.jar
org/apache/xmlgraphics/batik-dom/1.7/batik-dom-1.7.pom.sha1
org/apache/xmlgraphics/batik-dom/1.7/batik-dom-1.7.jar.sha1
org/apache/xmlgraphics/batik-dom/1.7/batik-dom-1.7.pom
org/apache/xmlgraphics/batik-svg-dom/1.7/batik-svg-dom-1.7.jar
org/apache/xmlgraphics/batik-svg-dom/1.7/batik-svg-dom-1.7.pom
org/apache/xmlgraphics/batik-svg-dom/1.7/batik-svg-dom-1.7.pom.sha1
org/apache/xmlgraphics/batik-svg-dom/1.7/batik-svg-dom-1.7.jar.sha1
org/apache/xmlgraphics/batik-codec/1.7/batik-codec-1.7.jar
org/apache/xmlgraphics/batik-codec/1.7/batik-codec-1.7.pom.sha1
org/apache/xmlgraphics/batik-codec/1.7/batik-codec-1.7.jar.sha1
org/apache/xmlgraphics/batik-codec/1.7/batik-codec-1.7.pom
org/apache/xmlgraphics/batik-anim/1.7/batik-anim-1.7.jar
org/apache/xmlgraphics/batik-anim/1.7/batik-anim-1.7.pom.sha1
org/apache/xmlgraphics/batik-anim/1.7/batik-anim-1.7.jar.sha1
org/apache/xmlgraphics/batik-anim/1.7/batik-anim-1.7.pom
org/apache/xmlgraphics/batik-xml/1.7/batik-xml-1.7.pom
org/apache/xmlgraphics/batik-xml/1.7/batik-xml-1.7.jar.sha1
org/apache/xmlgraphics/batik-xml/1.7/batik-xml-1.7.jar
org/apache/xmlgraphics/batik-xml/1.7/batik-xml-1.7.pom.sha1
org/apache/xmlgraphics/batik-script/1.7/batik-script-1.7.pom
org/apache/xmlgraphics/batik-script/1.7/batik-script-1.7.jar
org/apache/xmlgraphics/batik-script/1.7/batik-script-1.7.jar.sha1
org/apache/xmlgraphics/batik-script/1.7/batik-script-1.7.pom.sha1
org/apache/xmlgraphics/xmlgraphics-commons/1.4/xmlgraphics-commons-1.4.pom
org/apache/xmlgraphics/xmlgraphics-commons/1.4/xmlgraphics-commons-1.4.jar.sha1
org/apache/xmlgraphics/xmlgraphics-commons/1.4/xmlgraphics-commons-1.4.pom.sha1
org/apache/xmlgraphics/xmlgraphics-commons/1.4/xmlgraphics-commons-1.4.jar
org/apache/xmlgraphics/xmlgraphics-commons/1.2/xmlgraphics-commons-1.2.pom.sha1
org/apache/xmlgraphics/xmlgraphics-commons/1.2/xmlgraphics-commons-1.2.pom
org/apache/xmlgraphics/batik-extension/1.7/batik-extension-1.7.pom.sha1
org/apache/xmlgraphics/batik-extension/1.7/batik-extension-1.7.jar
org/apache/xmlgraphics/batik-extension/1.7/batik-extension-1.7.pom
org/apache/xmlgraphics/batik-extension/1.7/batik-extension-1.7.jar.sha1
org/apache/xmlgraphics/batik-util/1.7/batik-util-1.7.jar.sha1
org/apache/xmlgraphics/batik-util/1.7/batik-util-1.7.pom
org/apache/xmlgraphics/batik-util/1.7/batik-util-1.7.jar
org/apache/xmlgraphics/batik-util/1.7/batik-util-1.7.pom.sha1
org/apache/ant/ant-launcher/1.7.0/ant-launcher-1.7.0.pom.sha1
org/apache/ant/ant-launcher/1.7.0/ant-launcher-1.7.0.jar.sha1
org/apache/ant/ant-launcher/1.7.0/ant-launcher-1.7.0.jar
org/apache/ant/ant-launcher/1.7.0/ant-launcher-1.7.0.pom
org/apache/ant/ant/1.7.0/ant-1.7.0.pom.sha1
org/apache/ant/ant/1.7.0/ant-1.7.0.pom
org/apache/ant/ant/1.7.0/ant-1.7.0.jar.sha1
org/apache/ant/ant/1.7.0/ant-1.7.0.jar
org/apache/ant/ant-parent/1.7.0/ant-parent-1.7.0.pom
org/apache/ant/ant-parent/1.7.0/ant-parent-1.7.0.pom.sha1
org/apache/avalon/avalon-framework/1/avalon-framework-1.pom.sha1
org/apache/avalon/avalon-framework/1/avalon-framework-1.pom
org/apache/avalon/framework/avalon-framework-api/4.3.1/avalon-framework-api-4.3.1.pom.sha1
org/apache/avalon/framework/avalon-framework-api/4.3.1/avalon-framework-api-4.3.1.pom
org/apache/avalon/framework/avalon-framework-api/4.3.1/avalon-framework-api-4.3.1.jar
org/apache/avalon/framework/avalon-framework-api/4.3.1/avalon-framework-api-4.3.1.jar.sha1
org/apache/avalon/framework/avalon-framework-impl/4.3.1/avalon-framework-impl-4.3.1.pom
org/apache/avalon/framework/avalon-framework-impl/4.3.1/avalon-framework-impl-4.3.1.jar
org/apache/avalon/framework/avalon-framework-impl/4.3.1/avalon-framework-impl-4.3.1.pom.sha1
org/apache/avalon/framework/avalon-framework-impl/4.3.1/avalon-framework-impl-4.3.1.jar.sha1
org/apache/commons/commons-parent/9/commons-parent-9.pom
org/apache/commons/commons-parent/9/commons-parent-9.pom.sha1
org/apache/commons/commons-parent/17/commons-parent-17.pom
org/apache/commons/commons-parent/17/commons-parent-17.pom.sha1
org/apache/commons/commons-parent/7/commons-parent-7.pom.sha1
org/apache/commons/commons-parent/7/commons-parent-7.pom
org/apache/commons/commons-parent/15/commons-parent-15.pom
org/apache/commons/commons-parent/15/commons-parent-15.pom.sha1
org/apache/commons/commons-parent/5/commons-parent-5.pom.sha1
org/apache/commons/commons-parent/5/commons-parent-5.pom
org/apache/commons/commons-parent/22/commons-parent-22.pom.sha1
org/apache/commons/commons-parent/22/commons-parent-22.pom
org/apache/commons/commons-parent/20/commons-parent-20.pom
org/apache/commons/commons-parent/20/commons-parent-20.pom.sha1
org/apache/lucene/lucene-contrib/3.0.0/lucene-contrib-3.0.0.pom.sha1
org/apache/lucene/lucene-contrib/3.0.0/lucene-contrib-3.0.0.pom
org/apache/lucene/lucene-parent/3.0.0/lucene-parent-3.0.0.pom
org/apache/lucene/lucene-parent/3.0.0/lucene-parent-3.0.0.pom.sha1
org/apache/lucene/lucene-core/3.0.0/lucene-core-3.0.0.jar.sha1
org/apache/lucene/lucene-core/3.0.0/lucene-core-3.0.0.pom
org/apache/lucene/lucene-core/3.0.0/lucene-core-3.0.0.pom.sha1
org/apache/lucene/lucene-core/3.0.0/lucene-core-3.0.0.jar
org/apache/lucene/lucene-analyzers/3.0.0/lucene-analyzers-3.0.0.jar
org/apache/lucene/lucene-analyzers/3.0.0/lucene-analyzers-3.0.0.pom.sha1
org/apache/lucene/lucene-analyzers/3.0.0/lucene-analyzers-3.0.0.jar.sha1
org/apache/lucene/lucene-analyzers/3.0.0/lucene-analyzers-3.0.0.pom
org/apache/velocity/velocity/1.5/velocity-1.5.jar.sha1
org/apache/velocity/velocity/1.5/velocity-1.5.pom.sha1
org/apache/velocity/velocity/1.5/velocity-1.5.pom
org/apache/velocity/velocity/1.5/velocity-1.5.jar
org/apache/maven/maven-archiver/2.4.2/maven-archiver-2.4.2.jar
org/apache/maven/maven-archiver/2.4.2/maven-archiver-2.4.2.jar.sha1
org/apache/maven/maven-toolchain/1.0/maven-toolchain-1.0.jar
org/apache/maven/maven-toolchain/1.0/maven-toolchain-1.0.jar.sha1
org/apache/maven/maven-toolchain/2.0.9/maven-toolchain-2.0.9.jar
org/apache/maven/maven-toolchain/2.0.9/maven-toolchain-2.0.9.jar.sha1
org/apache/maven/maven-settings-builder/3.0/maven-settings-builder-3.0.jar
org/apache/maven/maven-settings-builder/3.0/maven-settings-builder-3.0.jar.sha1
org/apache/maven/maven-settings/2.0/maven-settings-2.0.pom
org/apache/maven/maven-settings/2.0/maven-settings-2.0.pom.sha1
org/apache/maven/maven-settings/2.0.5/maven-settings-2.0.5.pom
org/apache/maven/maven-settings/2.0.5/maven-settings-2.0.5.pom.sha1
org/apache/maven/maven-settings/2.0.4/maven-settings-2.0.4.pom
org/apache/maven/maven-settings/2.0.4/maven-settings-2.0.4.pom.sha1
org/apache/maven/maven-settings/3.0/maven-settings-3.0.jar.sha1
org/apache/maven/maven-settings/3.0/maven-settings-3.0.jar
org/apache/maven/maven-settings/2.0.8/maven-settings-2.0.8.pom
org/apache/maven/maven-settings/2.0.8/maven-settings-2.0.8.pom.sha1
org/apache/maven/maven-settings/2.0.9/maven-settings-2.0.9.pom.sha1
org/apache/maven/maven-settings/2.0.9/maven-settings-2.0.9.pom
org/apache/maven/maven-settings/2.0.6/maven-settings-2.0.6.jar
org/apache/maven/maven-settings/2.0.6/maven-settings-2.0.6.pom
org/apache/maven/maven-settings/2.0.6/maven-settings-2.0.6.pom.sha1
org/apache/maven/maven-settings/2.0.6/maven-settings-2.0.6.jar.sha1
org/apache/maven/maven-plugin-parameter-documenter/2.0/maven-plugin-parameter-documenter-2.0.pom
org/apache/maven/maven-plugin-parameter-documenter/2.0/maven-plugin-parameter-documenter-2.0.pom.sha1
org/apache/maven/maven-plugin-parameter-documenter/2.0.9/maven-plugin-parameter-documenter-2.0.9.pom
org/apache/maven/maven-plugin-parameter-documenter/2.0.9/maven-plugin-parameter-documenter-2.0.9.pom.sha1
org/apache/maven/plugins/maven-install-plugin/2.3.1/maven-install-plugin-2.3.1.pom.sha1
org/apache/maven/plugins/maven-install-plugin/2.3.1/maven-install-plugin-2.3.1.pom
org/apache/maven/plugins/maven-install-plugin/2.3.1/maven-install-plugin-2.3.1.jar
org/apache/maven/plugins/maven-install-plugin/2.3.1/maven-install-plugin-2.3.1.jar.sha1
org/apache/maven/plugins/maven-clean-plugin/2.4.1/maven-clean-plugin-2.4.1.pom
org/apache/maven/plugins/maven-clean-plugin/2.4.1/maven-clean-plugin-2.4.1.jar
org/apache/maven/plugins/maven-clean-plugin/2.4.1/maven-clean-plugin-2.4.1.jar.sha1
org/apache/maven/plugins/maven-clean-plugin/2.4.1/maven-clean-plugin-2.4.1.pom.sha1
org/apache/maven/plugins/maven-plugin-parent/2.0.1/maven-plugin-parent-2.0.1.pom
org/apache/maven/plugins/maven-plugin-parent/2.0.1/maven-plugin-parent-2.0.1.pom.sha1
org/apache/maven/plugins/maven-plugins/18/maven-plugins-18.pom
org/apache/maven/plugins/maven-plugins/18/maven-plugins-18.pom.sha1
org/apache/maven/plugins/maven-plugins/12/maven-plugins-12.pom.sha1
org/apache/maven/plugins/maven-plugins/12/maven-plugins-12.pom
org/apache/maven/plugins/maven-plugins/19/maven-plugins-19.pom.sha1
org/apache/maven/plugins/maven-plugins/19/maven-plugins-19.pom
org/apache/maven/plugins/maven-plugins/16/maven-plugins-16.pom
org/apache/maven/plugins/maven-plugins/16/maven-plugins-16.pom.sha1
org/apache/maven/plugins/maven-plugins/22/maven-plugins-22.pom.sha1
org/apache/maven/plugins/maven-plugins/22/maven-plugins-22.pom
org/apache/maven/plugins/maven-plugins/21/maven-plugins-21.pom
org/apache/maven/plugins/maven-plugins/21/maven-plugins-21.pom.sha1
org/apache/maven/plugins/maven-deploy-plugin/2.7/maven-deploy-plugin-2.7.jar.sha1
org/apache/maven/plugins/maven-deploy-plugin/2.7/maven-deploy-plugin-2.7.jar
org/apache/maven/plugins/maven-deploy-plugin/2.7/maven-deploy-plugin-2.7.pom
org/apache/maven/plugins/maven-deploy-plugin/2.7/maven-deploy-plugin-2.7.pom.sha1
org/apache/maven/plugins/maven-resources-plugin/2.5/maven-resources-plugin-2.5.jar.sha1
org/apache/maven/plugins/maven-resources-plugin/2.5/maven-resources-plugin-2.5.pom
org/apache/maven/plugins/maven-resources-plugin/2.5/maven-resources-plugin-2.5.jar
org/apache/maven/plugins/maven-resources-plugin/2.5/maven-resources-plugin-2.5.pom.sha1
org/apache/maven/plugins/maven-site-plugin/3.0/maven-site-plugin-3.0.jar.sha1
org/apache/maven/plugins/maven-site-plugin/3.0/maven-site-plugin-3.0.pom
org/apache/maven/plugins/maven-site-plugin/3.0/maven-site-plugin-3.0.pom.sha1
org/apache/maven/plugins/maven-site-plugin/3.0/maven-site-plugin-3.0.jar
org/apache/maven/plugins/maven-assembly-plugin/2.2-beta-5/maven-assembly-plugin-2.2-beta-5.jar
org/apache/maven/plugins/maven-assembly-plugin/2.2-beta-5/maven-assembly-plugin-2.2-beta-5.jar.sha1
org/apache/maven/plugins/maven-assembly-plugin/2.2-beta-5/maven-assembly-plugin-2.2-beta-5.pom
org/apache/maven/plugins/maven-assembly-plugin/2.2-beta-5/maven-assembly-plugin-2.2-beta-5.pom.sha1
org/apache/maven/plugins/maven-surefire-plugin/2.10/maven-surefire-plugin-2.10.jar.sha1
org/apache/maven/plugins/maven-surefire-plugin/2.10/maven-surefire-plugin-2.10.pom.sha1
org/apache/maven/plugins/maven-surefire-plugin/2.10/maven-surefire-plugin-2.10.jar
org/apache/maven/plugins/maven-surefire-plugin/2.10/maven-surefire-plugin-2.10.pom
org/apache/maven/plugins/maven-jar-plugin/2.3.2/maven-jar-plugin-2.3.2.jar.sha1
org/apache/maven/plugins/maven-jar-plugin/2.3.2/maven-jar-plugin-2.3.2.pom.sha1
org/apache/maven/plugins/maven-jar-plugin/2.3.2/maven-jar-plugin-2.3.2.pom
org/apache/maven/plugins/maven-jar-plugin/2.3.2/maven-jar-plugin-2.3.2.jar
org/apache/maven/plugins/maven-compiler-plugin/2.3.2/maven-compiler-plugin-2.3.2.pom
org/apache/maven/plugins/maven-compiler-plugin/2.3.2/maven-compiler-plugin-2.3.2.jar
org/apache/maven/plugins/maven-compiler-plugin/2.3.2/maven-compiler-plugin-2.3.2.jar.sha1
org/apache/maven/plugins/maven-compiler-plugin/2.3.2/maven-compiler-plugin-2.3.2.pom.sha1
org/apache/maven/plugins/maven-dependency-plugin/2.3/maven-dependency-plugin-2.3.pom
org/apache/maven/plugins/maven-dependency-plugin/2.3/maven-dependency-plugin-2.3.pom.sha1
org/apache/maven/plugins/maven-dependency-plugin/2.3/maven-dependency-plugin-2.3.jar.sha1
org/apache/maven/plugins/maven-dependency-plugin/2.3/maven-dependency-plugin-2.3.jar
org/apache/maven/plugins/maven-dependency-plugin/2.1/maven-dependency-plugin-2.1.pom
org/apache/maven/plugins/maven-dependency-plugin/2.1/maven-dependency-plugin-2.1.jar.sha1
org/apache/maven/plugins/maven-dependency-plugin/2.1/maven-dependency-plugin-2.1.jar
org/apache/maven/plugins/maven-dependency-plugin/2.1/maven-dependency-plugin-2.1.pom.sha1
org/apache/maven/plugins/maven-antrun-plugin/1.3/maven-antrun-plugin-1.3.jar
org/apache/maven/plugins/maven-antrun-plugin/1.3/maven-antrun-plugin-1.3.pom.sha1
org/apache/maven/plugins/maven-antrun-plugin/1.3/maven-antrun-plugin-1.3.pom
org/apache/maven/plugins/maven-antrun-plugin/1.3/maven-antrun-plugin-1.3.jar.sha1
org/apache/maven/plugins/maven-antrun-plugin/1.1/maven-antrun-plugin-1.1.jar.sha1
org/apache/maven/plugins/maven-antrun-plugin/1.1/maven-antrun-plugin-1.1.pom.sha1
org/apache/maven/plugins/maven-antrun-plugin/1.1/maven-antrun-plugin-1.1.pom
org/apache/maven/plugins/maven-antrun-plugin/1.1/maven-antrun-plugin-1.1.jar
org/apache/maven/maven-plugin-registry/2.0/maven-plugin-registry-2.0.pom.sha1
org/apache/maven/maven-plugin-registry/2.0/maven-plugin-registry-2.0.pom
org/apache/maven/maven-plugin-registry/2.0.8/maven-plugin-registry-2.0.8.pom.sha1
org/apache/maven/maven-plugin-registry/2.0.8/maven-plugin-registry-2.0.8.pom
org/apache/maven/maven-plugin-registry/2.0.9/maven-plugin-registry-2.0.9.pom
org/apache/maven/maven-plugin-registry/2.0.9/maven-plugin-registry-2.0.9.pom.sha1
org/apache/maven/maven-plugin-registry/2.0.6/maven-plugin-registry-2.0.6.pom
org/apache/maven/maven-plugin-registry/2.0.6/maven-plugin-registry-2.0.6.pom.sha1
org/apache/maven/maven-artifact/2.0/maven-artifact-2.0.pom
org/apache/maven/maven-artifact/2.0/maven-artifact-2.0.pom.sha1
org/apache/maven/maven-artifact/2.0.2/maven-artifact-2.0.2.pom.sha1
org/apache/maven/maven-artifact/2.0.2/maven-artifact-2.0.2.pom
org/apache/maven/maven-artifact/2.0.5/maven-artifact-2.0.5.pom.sha1
org/apache/maven/maven-artifact/2.0.5/maven-artifact-2.0.5.pom
org/apache/maven/maven-artifact/2.0.1/maven-artifact-2.0.1.pom
org/apache/maven/maven-artifact/2.0.1/maven-artifact-2.0.1.pom.sha1
org/apache/maven/maven-artifact/2.0.4/maven-artifact-2.0.4.pom.sha1
org/apache/maven/maven-artifact/2.0.4/maven-artifact-2.0.4.pom
org/apache/maven/maven-artifact/2.0.8/maven-artifact-2.0.8.pom
org/apache/maven/maven-artifact/2.0.8/maven-artifact-2.0.8.pom.sha1
org/apache/maven/maven-artifact/2.0.9/maven-artifact-2.0.9.jar.sha1
org/apache/maven/maven-artifact/2.0.9/maven-artifact-2.0.9.pom
org/apache/maven/maven-artifact/2.0.9/maven-artifact-2.0.9.pom.sha1
org/apache/maven/maven-artifact/2.0.9/maven-artifact-2.0.9.jar
org/apache/maven/maven-artifact/2.0.6/maven-artifact-2.0.6.pom.sha1
org/apache/maven/maven-artifact/2.0.6/maven-artifact-2.0.6.jar
org/apache/maven/maven-artifact/2.0.6/maven-artifact-2.0.6.jar.sha1
org/apache/maven/maven-artifact/2.0.6/maven-artifact-2.0.6.pom
org/apache/maven/maven-plugin-api/2.0/maven-plugin-api-2.0.pom.sha1
org/apache/maven/maven-plugin-api/2.0/maven-plugin-api-2.0.jar
org/apache/maven/maven-plugin-api/2.0/maven-plugin-api-2.0.jar.sha1
org/apache/maven/maven-plugin-api/2.0/maven-plugin-api-2.0.pom
org/apache/maven/maven-plugin-api/2.0.1/maven-plugin-api-2.0.1.pom
org/apache/maven/maven-plugin-api/2.0.1/maven-plugin-api-2.0.1.pom.sha1
org/apache/maven/maven-plugin-api/2.0.4/maven-plugin-api-2.0.4.pom.sha1
org/apache/maven/maven-plugin-api/2.0.4/maven-plugin-api-2.0.4.pom
org/apache/maven/maven-plugin-api/3.0/maven-plugin-api-3.0.jar
org/apache/maven/maven-plugin-api/3.0/maven-plugin-api-3.0.jar.sha1
org/apache/maven/maven-plugin-api/2.0.8/maven-plugin-api-2.0.8.pom.sha1
org/apache/maven/maven-plugin-api/2.0.8/maven-plugin-api-2.0.8.pom
org/apache/maven/maven-plugin-api/2.0.9/maven-plugin-api-2.0.9.jar.sha1
org/apache/maven/maven-plugin-api/2.0.9/maven-plugin-api-2.0.9.pom.sha1
org/apache/maven/maven-plugin-api/2.0.9/maven-plugin-api-2.0.9.pom
org/apache/maven/maven-plugin-api/2.0.9/maven-plugin-api-2.0.9.jar
org/apache/maven/maven-plugin-api/2.0.6/maven-plugin-api-2.0.6.pom
org/apache/maven/maven-plugin-api/2.0.6/maven-plugin-api-2.0.6.jar.sha1
org/apache/maven/maven-plugin-api/2.0.6/maven-plugin-api-2.0.6.jar
org/apache/maven/maven-plugin-api/2.0.6/maven-plugin-api-2.0.6.pom.sha1
org/apache/maven/maven-core/2.0/maven-core-2.0.pom.sha1
org/apache/maven/maven-core/2.0/maven-core-2.0.pom
org/apache/maven/maven-core/3.0/maven-core-3.0.jar
org/apache/maven/maven-core/3.0/maven-core-3.0.jar.sha1
org/apache/maven/maven-core/2.0.9/maven-core-2.0.9.pom
org/apache/maven/maven-core/2.0.9/maven-core-2.0.9.jar.sha1
org/apache/maven/maven-core/2.0.9/maven-core-2.0.9.jar
org/apache/maven/maven-core/2.0.9/maven-core-2.0.9.pom.sha1
org/apache/maven/maven-core/2.0.6/maven-core-2.0.6.jar.sha1
org/apache/maven/maven-core/2.0.6/maven-core-2.0.6.jar
org/apache/maven/wagon/wagon-provider-api/1.0-alpha-6/wagon-provider-api-1.0-alpha-6.pom
org/apache/maven/wagon/wagon-provider-api/1.0-alpha-6/wagon-provider-api-1.0-alpha-6.pom.sha1
org/apache/maven/wagon/wagon-provider-api/1.0/wagon-provider-api-1.0.jar.sha1
org/apache/maven/wagon/wagon-provider-api/1.0/wagon-provider-api-1.0.jar
org/apache/maven/wagon/wagon/1.0-alpha-6/wagon-1.0-alpha-6.pom.sha1
org/apache/maven/wagon/wagon/1.0-alpha-6/wagon-1.0-alpha-6.pom
org/apache/maven/maven-artifact-manager/2.0/maven-artifact-manager-2.0.pom.sha1
org/apache/maven/maven-artifact-manager/2.0/maven-artifact-manager-2.0.pom
org/apache/maven/maven-artifact-manager/2.0.2/maven-artifact-manager-2.0.2.pom
org/apache/maven/maven-artifact-manager/2.0.2/maven-artifact-manager-2.0.2.pom.sha1
org/apache/maven/maven-artifact-manager/2.0.5/maven-artifact-manager-2.0.5.pom.sha1
org/apache/maven/maven-artifact-manager/2.0.5/maven-artifact-manager-2.0.5.pom
org/apache/maven/maven-artifact-manager/2.0.1/maven-artifact-manager-2.0.1.pom.sha1
org/apache/maven/maven-artifact-manager/2.0.1/maven-artifact-manager-2.0.1.pom
org/apache/maven/maven-artifact-manager/2.0.4/maven-artifact-manager-2.0.4.pom
org/apache/maven/maven-artifact-manager/2.0.4/maven-artifact-manager-2.0.4.pom.sha1
org/apache/maven/maven-artifact-manager/2.0.8/maven-artifact-manager-2.0.8.pom.sha1
org/apache/maven/maven-artifact-manager/2.0.8/maven-artifact-manager-2.0.8.pom
org/apache/maven/maven-artifact-manager/2.0.9/maven-artifact-manager-2.0.9.pom
org/apache/maven/maven-artifact-manager/2.0.9/maven-artifact-manager-2.0.9.pom.sha1
org/apache/maven/maven-artifact-manager/2.0.6/maven-artifact-manager-2.0.6.jar
org/apache/maven/maven-artifact-manager/2.0.6/maven-artifact-manager-2.0.6.pom
org/apache/maven/maven-artifact-manager/2.0.6/maven-artifact-manager-2.0.6.pom.sha1
org/apache/maven/maven-artifact-manager/2.0.6/maven-artifact-manager-2.0.6.jar.sha1
org/apache/maven/surefire/surefire-booter/2.10/surefire-booter-2.10.jar.sha1
org/apache/maven/surefire/surefire-booter/2.10/surefire-booter-2.10.jar
org/apache/maven/surefire/surefire/2.10/surefire-2.10.pom.sha1
org/apache/maven/surefire/surefire/2.10/surefire-2.10.pom
org/apache/maven/surefire/maven-surefire-common/2.10/maven-surefire-common-2.10.jar
org/apache/maven/surefire/maven-surefire-common/2.10/maven-surefire-common-2.10.jar.sha1
org/apache/maven/maven/2.0/maven-2.0.pom
org/apache/maven/maven/2.0/maven-2.0.pom.sha1
org/apache/maven/maven/2.0.2/maven-2.0.2.pom
org/apache/maven/maven/2.0.2/maven-2.0.2.pom.sha1
org/apache/maven/maven/2.0.5/maven-2.0.5.pom.sha1
org/apache/maven/maven/2.0.5/maven-2.0.5.pom
org/apache/maven/maven/2.0.1/maven-2.0.1.pom
org/apache/maven/maven/2.0.1/maven-2.0.1.pom.sha1
org/apache/maven/maven/2.0.4/maven-2.0.4.pom
org/apache/maven/maven/2.0.4/maven-2.0.4.pom.sha1
org/apache/maven/maven/2.0.8/maven-2.0.8.pom
org/apache/maven/maven/2.0.8/maven-2.0.8.pom.sha1
org/apache/maven/maven/2.0.9/maven-2.0.9.pom
org/apache/maven/maven/2.0.9/maven-2.0.9.pom.sha1
org/apache/maven/maven/2.0.6/maven-2.0.6.pom
org/apache/maven/maven/2.0.6/maven-2.0.6.pom.sha1
org/apache/maven/doxia/doxia-logging-api/1.2/doxia-logging-api-1.2.jar.sha1
org/apache/maven/doxia/doxia-logging-api/1.2/doxia-logging-api-1.2.jar
org/apache/maven/doxia/doxia-module-xdoc/1.2/doxia-module-xdoc-1.2.jar.sha1
org/apache/maven/doxia/doxia-module-xdoc/1.2/doxia-module-xdoc-1.2.jar
org/apache/maven/doxia/doxia-module-xdoc/1.0/doxia-module-xdoc-1.0.pom
org/apache/maven/doxia/doxia-module-xdoc/1.0/doxia-module-xdoc-1.0.pom.sha1
org/apache/maven/doxia/doxia-module-xdoc/1.0/doxia-module-xdoc-1.0.jar.sha1
org/apache/maven/doxia/doxia-module-xdoc/1.0/doxia-module-xdoc-1.0.jar
org/apache/maven/doxia/doxia-sitetools/1.0/doxia-sitetools-1.0.pom.sha1
org/apache/maven/doxia/doxia-sitetools/1.0/doxia-sitetools-1.0.pom
org/apache/maven/doxia/doxia-module-fml/1.2/doxia-module-fml-1.2.jar
org/apache/maven/doxia/doxia-module-fml/1.2/doxia-module-fml-1.2.jar.sha1
org/apache/maven/doxia/doxia-module-fml/1.0/doxia-module-fml-1.0.pom
org/apache/maven/doxia/doxia-module-fml/1.0/doxia-module-fml-1.0.pom.sha1
org/apache/maven/doxia/doxia-module-fml/1.0/doxia-module-fml-1.0.jar
org/apache/maven/doxia/doxia-module-fml/1.0/doxia-module-fml-1.0.jar.sha1
org/apache/maven/doxia/doxia/1.0-alpha-10/doxia-1.0-alpha-10.pom
org/apache/maven/doxia/doxia/1.0-alpha-10/doxia-1.0-alpha-10.pom.sha1
org/apache/maven/doxia/doxia/1.0/doxia-1.0.pom
org/apache/maven/doxia/doxia/1.0/doxia-1.0.pom.sha1
org/apache/maven/doxia/doxia/1.0-alpha-7/doxia-1.0-alpha-7.pom.sha1
org/apache/maven/doxia/doxia/1.0-alpha-7/doxia-1.0-alpha-7.pom
org/apache/maven/doxia/doxia-site-renderer/1.2/doxia-site-renderer-1.2.jar.sha1
org/apache/maven/doxia/doxia-site-renderer/1.2/doxia-site-renderer-1.2.jar
org/apache/maven/doxia/doxia-site-renderer/1.0/doxia-site-renderer-1.0.pom.sha1
org/apache/maven/doxia/doxia-site-renderer/1.0/doxia-site-renderer-1.0.jar
org/apache/maven/doxia/doxia-site-renderer/1.0/doxia-site-renderer-1.0.pom
org/apache/maven/doxia/doxia-site-renderer/1.0/doxia-site-renderer-1.0.jar.sha1
org/apache/maven/doxia/doxia-site-renderer/1.0-alpha-7/doxia-site-renderer-1.0-alpha-7.jar
org/apache/maven/doxia/doxia-site-renderer/1.0-alpha-7/doxia-site-renderer-1.0-alpha-7.pom
org/apache/maven/doxia/doxia-site-renderer/1.0-alpha-7/doxia-site-renderer-1.0-alpha-7.jar.sha1
org/apache/maven/doxia/doxia-site-renderer/1.0-alpha-7/doxia-site-renderer-1.0-alpha-7.pom.sha1
org/apache/maven/doxia/doxia-module-xhtml/1.2/doxia-module-xhtml-1.2.jar
org/apache/maven/doxia/doxia-module-xhtml/1.2/doxia-module-xhtml-1.2.jar.sha1
org/apache/maven/doxia/doxia-module-xhtml/1.0/doxia-module-xhtml-1.0.pom.sha1
org/apache/maven/doxia/doxia-module-xhtml/1.0/doxia-module-xhtml-1.0.jar.sha1
org/apache/maven/doxia/doxia-module-xhtml/1.0/doxia-module-xhtml-1.0.jar
org/apache/maven/doxia/doxia-module-xhtml/1.0/doxia-module-xhtml-1.0.pom
org/apache/maven/doxia/doxia-module-apt/1.2/doxia-module-apt-1.2.jar
org/apache/maven/doxia/doxia-module-apt/1.2/doxia-module-apt-1.2.jar.sha1
org/apache/maven/doxia/doxia-module-apt/1.0/doxia-module-apt-1.0.pom.sha1
org/apache/maven/doxia/doxia-module-apt/1.0/doxia-module-apt-1.0.pom
org/apache/maven/doxia/doxia-module-apt/1.0/doxia-module-apt-1.0.jar.sha1
org/apache/maven/doxia/doxia-module-apt/1.0/doxia-module-apt-1.0.jar
org/apache/maven/doxia/doxia-modules/1.0/doxia-modules-1.0.pom
org/apache/maven/doxia/doxia-modules/1.0/doxia-modules-1.0.pom.sha1
org/apache/maven/doxia/doxia-decoration-model/1.2/doxia-decoration-model-1.2.jar
org/apache/maven/doxia/doxia-decoration-model/1.2/doxia-decoration-model-1.2.jar.sha1
org/apache/maven/doxia/doxia-decoration-model/1.0/doxia-decoration-model-1.0.jar.sha1
org/apache/maven/doxia/doxia-decoration-model/1.0/doxia-decoration-model-1.0.pom.sha1
org/apache/maven/doxia/doxia-decoration-model/1.0/doxia-decoration-model-1.0.pom
org/apache/maven/doxia/doxia-decoration-model/1.0/doxia-decoration-model-1.0.jar
org/apache/maven/doxia/doxia-decoration-model/1.0-alpha-7/doxia-decoration-model-1.0-alpha-7.jar.sha1
org/apache/maven/doxia/doxia-decoration-model/1.0-alpha-7/doxia-decoration-model-1.0-alpha-7.pom
org/apache/maven/doxia/doxia-decoration-model/1.0-alpha-7/doxia-decoration-model-1.0-alpha-7.jar
org/apache/maven/doxia/doxia-decoration-model/1.0-alpha-7/doxia-decoration-model-1.0-alpha-7.pom.sha1
org/apache/maven/doxia/doxia-sink-api/1.0-alpha-10/doxia-sink-api-1.0-alpha-10.pom.sha1
org/apache/maven/doxia/doxia-sink-api/1.0-alpha-10/doxia-sink-api-1.0-alpha-10.pom
org/apache/maven/doxia/doxia-sink-api/1.2/doxia-sink-api-1.2.jar
org/apache/maven/doxia/doxia-sink-api/1.2/doxia-sink-api-1.2.jar.sha1
org/apache/maven/doxia/doxia-sink-api/1.0/doxia-sink-api-1.0.pom
org/apache/maven/doxia/doxia-sink-api/1.0/doxia-sink-api-1.0.pom.sha1
org/apache/maven/doxia/doxia-sink-api/1.0/doxia-sink-api-1.0.jar.sha1
org/apache/maven/doxia/doxia-sink-api/1.0/doxia-sink-api-1.0.jar
org/apache/maven/doxia/doxia-sink-api/1.0-alpha-7/doxia-sink-api-1.0-alpha-7.pom
org/apache/maven/doxia/doxia-sink-api/1.0-alpha-7/doxia-sink-api-1.0-alpha-7.pom.sha1
org/apache/maven/doxia/doxia-sink-api/1.0-alpha-7/doxia-sink-api-1.0-alpha-7.jar
org/apache/maven/doxia/doxia-sink-api/1.0-alpha-7/doxia-sink-api-1.0-alpha-7.jar.sha1
org/apache/maven/doxia/doxia-core/1.2/doxia-core-1.2.jar
org/apache/maven/doxia/doxia-core/1.2/doxia-core-1.2.jar.sha1
org/apache/maven/doxia/doxia-core/1.0/doxia-core-1.0.jar
org/apache/maven/doxia/doxia-core/1.0/doxia-core-1.0.pom.sha1
org/apache/maven/doxia/doxia-core/1.0/doxia-core-1.0.pom
org/apache/maven/doxia/doxia-core/1.0/doxia-core-1.0.jar.sha1
org/apache/maven/doxia/doxia-core/1.0-alpha-7/doxia-core-1.0-alpha-7.pom
org/apache/maven/doxia/doxia-core/1.0-alpha-7/doxia-core-1.0-alpha-7.jar.sha1
org/apache/maven/doxia/doxia-core/1.0-alpha-7/doxia-core-1.0-alpha-7.jar
org/apache/maven/doxia/doxia-core/1.0-alpha-7/doxia-core-1.0-alpha-7.pom.sha1
org/apache/maven/maven-repository-metadata/2.0/maven-repository-metadata-2.0.pom.sha1
org/apache/maven/maven-repository-metadata/2.0/maven-repository-metadata-2.0.pom
org/apache/maven/maven-repository-metadata/2.0.2/maven-repository-metadata-2.0.2.pom
org/apache/maven/maven-repository-metadata/2.0.2/maven-repository-metadata-2.0.2.pom.sha1
org/apache/maven/maven-repository-metadata/2.0.5/maven-repository-metadata-2.0.5.pom
org/apache/maven/maven-repository-metadata/2.0.5/maven-repository-metadata-2.0.5.pom.sha1
org/apache/maven/maven-repository-metadata/2.0.1/maven-repository-metadata-2.0.1.pom
org/apache/maven/maven-repository-metadata/2.0.1/maven-repository-metadata-2.0.1.pom.sha1
org/apache/maven/maven-repository-metadata/2.0.4/maven-repository-metadata-2.0.4.pom.sha1
org/apache/maven/maven-repository-metadata/2.0.4/maven-repository-metadata-2.0.4.pom
org/apache/maven/maven-repository-metadata/2.0.8/maven-repository-metadata-2.0.8.pom
org/apache/maven/maven-repository-metadata/2.0.8/maven-repository-metadata-2.0.8.pom.sha1
org/apache/maven/maven-repository-metadata/2.0.9/maven-repository-metadata-2.0.9.pom
org/apache/maven/maven-repository-metadata/2.0.9/maven-repository-metadata-2.0.9.pom.sha1
org/apache/maven/maven-repository-metadata/2.0.6/maven-repository-metadata-2.0.6.pom.sha1
org/apache/maven/maven-repository-metadata/2.0.6/maven-repository-metadata-2.0.6.pom
org/apache/maven/shared/maven-shared-io/1.0/maven-shared-io-1.0.pom.sha1
org/apache/maven/shared/maven-shared-io/1.0/maven-shared-io-1.0.jar.sha1
org/apache/maven/shared/maven-shared-io/1.0/maven-shared-io-1.0.jar
org/apache/maven/shared/maven-shared-io/1.0/maven-shared-io-1.0.pom
org/apache/maven/shared/maven-shared-io/1.1/maven-shared-io-1.1.jar
org/apache/maven/shared/maven-shared-io/1.1/maven-shared-io-1.1.jar.sha1
org/apache/maven/shared/maven-shared-io/1.1/maven-shared-io-1.1.pom.sha1
org/apache/maven/shared/maven-shared-io/1.1/maven-shared-io-1.1.pom
org/apache/maven/shared/maven-dependency-tree/1.2/maven-dependency-tree-1.2.jar
org/apache/maven/shared/maven-dependency-tree/1.2/maven-dependency-tree-1.2.pom
org/apache/maven/shared/maven-dependency-tree/1.2/maven-dependency-tree-1.2.pom.sha1
org/apache/maven/shared/maven-dependency-tree/1.2/maven-dependency-tree-1.2.jar.sha1
org/apache/maven/shared/maven-doxia-tools/1.0.2/maven-doxia-tools-1.0.2.jar
org/apache/maven/shared/maven-doxia-tools/1.0.2/maven-doxia-tools-1.0.2.pom
org/apache/maven/shared/maven-doxia-tools/1.0.2/maven-doxia-tools-1.0.2.jar.sha1
org/apache/maven/shared/maven-doxia-tools/1.0.2/maven-doxia-tools-1.0.2.pom.sha1
org/apache/maven/shared/maven-doxia-tools/1.4/maven-doxia-tools-1.4.jar
org/apache/maven/shared/maven-doxia-tools/1.4/maven-doxia-tools-1.4.jar.sha1
org/apache/maven/shared/maven-common-artifact-filters/1.2/maven-common-artifact-filters-1.2.jar.sha1
org/apache/maven/shared/maven-common-artifact-filters/1.2/maven-common-artifact-filters-1.2.jar
org/apache/maven/shared/maven-common-artifact-filters/1.2/maven-common-artifact-filters-1.2.pom
org/apache/maven/shared/maven-common-artifact-filters/1.2/maven-common-artifact-filters-1.2.pom.sha1
org/apache/maven/shared/maven-common-artifact-filters/1.0/maven-common-artifact-filters-1.0.jar.sha1
org/apache/maven/shared/maven-common-artifact-filters/1.0/maven-common-artifact-filters-1.0.pom
org/apache/maven/shared/maven-common-artifact-filters/1.0/maven-common-artifact-filters-1.0.jar
org/apache/maven/shared/maven-common-artifact-filters/1.0/maven-common-artifact-filters-1.0.pom.sha1
org/apache/maven/shared/maven-dependency-analyzer/1.2/maven-dependency-analyzer-1.2.jar.sha1
org/apache/maven/shared/maven-dependency-analyzer/1.2/maven-dependency-analyzer-1.2.jar
org/apache/maven/shared/maven-dependency-analyzer/1.2/maven-dependency-analyzer-1.2.pom.sha1
org/apache/maven/shared/maven-dependency-analyzer/1.2/maven-dependency-analyzer-1.2.pom
org/apache/maven/shared/maven-dependency-analyzer/1.1/maven-dependency-analyzer-1.1.jar.sha1
org/apache/maven/shared/maven-dependency-analyzer/1.1/maven-dependency-analyzer-1.1.pom.sha1
org/apache/maven/shared/maven-dependency-analyzer/1.1/maven-dependency-analyzer-1.1.pom
org/apache/maven/shared/maven-dependency-analyzer/1.1/maven-dependency-analyzer-1.1.jar
org/apache/maven/shared/maven-invoker/2.0.11/maven-invoker-2.0.11.pom
org/apache/maven/shared/maven-invoker/2.0.11/maven-invoker-2.0.11.jar.sha1
org/apache/maven/shared/maven-invoker/2.0.11/maven-invoker-2.0.11.jar
org/apache/maven/shared/maven-invoker/2.0.11/maven-invoker-2.0.11.pom.sha1
org/apache/maven/shared/maven-plugin-testing-harness/1.1/maven-plugin-testing-harness-1.1.jar.sha1
org/apache/maven/shared/maven-plugin-testing-harness/1.1/maven-plugin-testing-harness-1.1.pom.sha1
org/apache/maven/shared/maven-plugin-testing-harness/1.1/maven-plugin-testing-harness-1.1.jar
org/apache/maven/shared/maven-plugin-testing-harness/1.1/maven-plugin-testing-harness-1.1.pom
org/apache/maven/shared/file-management/1.2.1/file-management-1.2.1.pom.sha1
org/apache/maven/shared/file-management/1.2.1/file-management-1.2.1.pom
org/apache/maven/shared/file-management/1.2.1/file-management-1.2.1.jar
org/apache/maven/shared/file-management/1.2.1/file-management-1.2.1.jar.sha1
org/apache/maven/shared/file-management/1.1/file-management-1.1.pom
org/apache/maven/shared/file-management/1.1/file-management-1.1.pom.sha1
org/apache/maven/shared/file-management/1.1/file-management-1.1.jar
org/apache/maven/shared/file-management/1.1/file-management-1.1.jar.sha1
org/apache/maven/shared/maven-filtering/1.0/maven-filtering-1.0.jar.sha1
org/apache/maven/shared/maven-filtering/1.0/maven-filtering-1.0.jar
org/apache/maven/shared/maven-shared-components/9/maven-shared-components-9.pom.sha1
org/apache/maven/shared/maven-shared-components/9/maven-shared-components-9.pom
org/apache/maven/shared/maven-shared-components/8/maven-shared-components-8.pom
org/apache/maven/shared/maven-shared-components/8/maven-shared-components-8.pom.sha1
org/apache/maven/shared/maven-shared-components/7/maven-shared-components-7.pom
org/apache/maven/shared/maven-shared-components/7/maven-shared-components-7.pom.sha1
org/apache/maven/shared/maven-shared-components/15/maven-shared-components-15.pom.sha1
org/apache/maven/shared/maven-shared-components/15/maven-shared-components-15.pom
org/apache/maven/shared/maven-shared-components/12/maven-shared-components-12.pom.sha1
org/apache/maven/shared/maven-shared-components/12/maven-shared-components-12.pom
org/apache/maven/shared/maven-shared-components/4/maven-shared-components-4.pom
org/apache/maven/shared/maven-shared-components/4/maven-shared-components-4.pom.sha1
org/apache/maven/shared/maven-shared-components/16/maven-shared-components-16.pom
org/apache/maven/shared/maven-shared-components/16/maven-shared-components-16.pom.sha1
org/apache/maven/shared/maven-shared-components/10/maven-shared-components-10.pom.sha1
org/apache/maven/shared/maven-shared-components/10/maven-shared-components-10.pom
org/apache/maven/shared/maven-shared-components/11/maven-shared-components-11.pom.sha1
org/apache/maven/shared/maven-shared-components/11/maven-shared-components-11.pom
org/apache/maven/maven-project/2.0/maven-project-2.0.pom.sha1
org/apache/maven/maven-project/2.0/maven-project-2.0.pom
org/apache/maven/maven-project/2.0.5/maven-project-2.0.5.pom
org/apache/maven/maven-project/2.0.5/maven-project-2.0.5.pom.sha1
org/apache/maven/maven-project/2.0.1/maven-project-2.0.1.pom.sha1
org/apache/maven/maven-project/2.0.1/maven-project-2.0.1.pom
org/apache/maven/maven-project/2.0.4/maven-project-2.0.4.pom.sha1
org/apache/maven/maven-project/2.0.4/maven-project-2.0.4.pom
org/apache/maven/maven-project/2.0.8/maven-project-2.0.8.pom.sha1
org/apache/maven/maven-project/2.0.8/maven-project-2.0.8.pom
org/apache/maven/maven-project/2.0.9/maven-project-2.0.9.jar.sha1
org/apache/maven/maven-project/2.0.9/maven-project-2.0.9.jar
org/apache/maven/maven-project/2.0.9/maven-project-2.0.9.pom
org/apache/maven/maven-project/2.0.9/maven-project-2.0.9.pom.sha1
org/apache/maven/maven-project/2.0.6/maven-project-2.0.6.pom.sha1
org/apache/maven/maven-project/2.0.6/maven-project-2.0.6.pom
org/apache/maven/maven-project/2.0.6/maven-project-2.0.6.jar
org/apache/maven/maven-project/2.0.6/maven-project-2.0.6.jar.sha1
org/apache/maven/maven-profile/2.0/maven-profile-2.0.pom
org/apache/maven/maven-profile/2.0/maven-profile-2.0.pom.sha1
org/apache/maven/maven-profile/2.0.5/maven-profile-2.0.5.pom
org/apache/maven/maven-profile/2.0.5/maven-profile-2.0.5.pom.sha1
org/apache/maven/maven-profile/2.0.1/maven-profile-2.0.1.pom.sha1
org/apache/maven/maven-profile/2.0.1/maven-profile-2.0.1.pom
org/apache/maven/maven-profile/2.0.4/maven-profile-2.0.4.pom
org/apache/maven/maven-profile/2.0.4/maven-profile-2.0.4.pom.sha1
org/apache/maven/maven-profile/2.0.8/maven-profile-2.0.8.pom
org/apache/maven/maven-profile/2.0.8/maven-profile-2.0.8.pom.sha1
org/apache/maven/maven-profile/2.0.9/maven-profile-2.0.9.pom
org/apache/maven/maven-profile/2.0.9/maven-profile-2.0.9.pom.sha1
org/apache/maven/maven-profile/2.0.6/maven-profile-2.0.6.pom.sha1
org/apache/maven/maven-profile/2.0.6/maven-profile-2.0.6.pom
org/apache/maven/maven-model/2.0/maven-model-2.0.pom.sha1
org/apache/maven/maven-model/2.0/maven-model-2.0.pom
org/apache/maven/maven-model/2.0.5/maven-model-2.0.5.pom
org/apache/maven/maven-model/2.0.5/maven-model-2.0.5.pom.sha1
org/apache/maven/maven-model/2.0.1/maven-model-2.0.1.pom.sha1
org/apache/maven/maven-model/2.0.1/maven-model-2.0.1.pom
org/apache/maven/maven-model/2.0.4/maven-model-2.0.4.pom
org/apache/maven/maven-model/2.0.4/maven-model-2.0.4.pom.sha1
org/apache/maven/maven-model/3.0/maven-model-3.0.jar
org/apache/maven/maven-model/3.0/maven-model-3.0.jar.sha1
org/apache/maven/maven-model/2.0.8/maven-model-2.0.8.pom
org/apache/maven/maven-model/2.0.8/maven-model-2.0.8.pom.sha1
org/apache/maven/maven-model/2.0.9/maven-model-2.0.9.pom.sha1
org/apache/maven/maven-model/2.0.9/maven-model-2.0.9.pom
org/apache/maven/maven-model/2.0.6/maven-model-2.0.6.pom.sha1
org/apache/maven/maven-model/2.0.6/maven-model-2.0.6.jar
org/apache/maven/maven-model/2.0.6/maven-model-2.0.6.pom
org/apache/maven/maven-model/2.0.6/maven-model-2.0.6.jar.sha1
org/apache/maven/reporting/maven-reporting-exec/1.0.1/maven-reporting-exec-1.0.1.jar.sha1
org/apache/maven/reporting/maven-reporting-exec/1.0.1/maven-reporting-exec-1.0.1.jar
org/apache/maven/reporting/maven-reporting-impl/2.0.5/maven-reporting-impl-2.0.5.jar
org/apache/maven/reporting/maven-reporting-impl/2.0.5/maven-reporting-impl-2.0.5.pom
org/apache/maven/reporting/maven-reporting-impl/2.0.5/maven-reporting-impl-2.0.5.jar.sha1
org/apache/maven/reporting/maven-reporting-impl/2.0.5/maven-reporting-impl-2.0.5.pom.sha1
org/apache/maven/reporting/maven-reporting-impl/2.0.4/maven-reporting-impl-2.0.4.jar.sha1
org/apache/maven/reporting/maven-reporting-impl/2.0.4/maven-reporting-impl-2.0.4.pom
org/apache/maven/reporting/maven-reporting-impl/2.0.4/maven-reporting-impl-2.0.4.jar
org/apache/maven/reporting/maven-reporting-impl/2.0.4/maven-reporting-impl-2.0.4.pom.sha1
org/apache/maven/reporting/maven-reporting-api/2.0/maven-reporting-api-2.0.pom
org/apache/maven/reporting/maven-reporting-api/2.0/maven-reporting-api-2.0.pom.sha1
org/apache/maven/reporting/maven-reporting-api/2.0.4/maven-reporting-api-2.0.4.pom.sha1
org/apache/maven/reporting/maven-reporting-api/2.0.4/maven-reporting-api-2.0.4.pom
org/apache/maven/reporting/maven-reporting-api/3.0/maven-reporting-api-3.0.pom.sha1
org/apache/maven/reporting/maven-reporting-api/3.0/maven-reporting-api-3.0.jar
org/apache/maven/reporting/maven-reporting-api/3.0/maven-reporting-api-3.0.jar.sha1
org/apache/maven/reporting/maven-reporting-api/3.0/maven-reporting-api-3.0.pom
org/apache/maven/reporting/maven-reporting-api/2.0.9/maven-reporting-api-2.0.9.pom
org/apache/maven/reporting/maven-reporting-api/2.0.9/maven-reporting-api-2.0.9.pom.sha1
org/apache/maven/reporting/maven-reporting-api/2.0.6/maven-reporting-api-2.0.6.jar.sha1
org/apache/maven/reporting/maven-reporting-api/2.0.6/maven-reporting-api-2.0.6.pom
org/apache/maven/reporting/maven-reporting-api/2.0.6/maven-reporting-api-2.0.6.pom.sha1
org/apache/maven/reporting/maven-reporting-api/2.0.6/maven-reporting-api-2.0.6.jar
org/apache/maven/reporting/maven-reporting/2.0/maven-reporting-2.0.pom.sha1
org/apache/maven/reporting/maven-reporting/2.0/maven-reporting-2.0.pom
org/apache/maven/reporting/maven-reporting/2.0.4/maven-reporting-2.0.4.pom.sha1
org/apache/maven/reporting/maven-reporting/2.0.4/maven-reporting-2.0.4.pom
org/apache/maven/reporting/maven-reporting/2.0.9/maven-reporting-2.0.9.pom
org/apache/maven/reporting/maven-reporting/2.0.9/maven-reporting-2.0.9.pom.sha1
org/apache/maven/reporting/maven-reporting/2.0.6/maven-reporting-2.0.6.pom.sha1
org/apache/maven/reporting/maven-reporting/2.0.6/maven-reporting-2.0.6.pom
org/apache/maven/maven-monitor/2.0/maven-monitor-2.0.pom
org/apache/maven/maven-monitor/2.0/maven-monitor-2.0.pom.sha1
org/apache/maven/maven-monitor/2.0.9/maven-monitor-2.0.9.pom
org/apache/maven/maven-monitor/2.0.9/maven-monitor-2.0.9.pom.sha1
org/apache/maven/maven-monitor/2.0.6/maven-monitor-2.0.6.jar
org/apache/maven/maven-monitor/2.0.6/maven-monitor-2.0.6.jar.sha1
org/apache/maven/maven-plugin-descriptor/2.0/maven-plugin-descriptor-2.0.pom
org/apache/maven/maven-plugin-descriptor/2.0/maven-plugin-descriptor-2.0.pom.sha1
org/apache/maven/maven-plugin-descriptor/2.0.9/maven-plugin-descriptor-2.0.9.pom
org/apache/maven/maven-plugin-descriptor/2.0.9/maven-plugin-descriptor-2.0.9.pom.sha1
org/apache/maven/maven-parent/9/maven-parent-9.pom.sha1
org/apache/maven/maven-parent/9/maven-parent-9.pom
org/apache/maven/maven-parent/8/maven-parent-8.pom.sha1
org/apache/maven/maven-parent/8/maven-parent-8.pom
org/apache/maven/maven-parent/7/maven-parent-7.pom.sha1
org/apache/maven/maven-parent/7/maven-parent-7.pom
org/apache/maven/maven-parent/15/maven-parent-15.pom
org/apache/maven/maven-parent/15/maven-parent-15.pom.sha1
org/apache/maven/maven-parent/13/maven-parent-13.pom.sha1
org/apache/maven/maven-parent/13/maven-parent-13.pom
org/apache/maven/maven-parent/19/maven-parent-19.pom
org/apache/maven/maven-parent/19/maven-parent-19.pom.sha1
org/apache/maven/maven-parent/6/maven-parent-6.pom.sha1
org/apache/maven/maven-parent/6/maven-parent-6.pom
org/apache/maven/maven-parent/5/maven-parent-5.pom.sha1
org/apache/maven/maven-parent/5/maven-parent-5.pom
org/apache/maven/maven-parent/4/maven-parent-4.pom.sha1
org/apache/maven/maven-parent/4/maven-parent-4.pom
org/apache/maven/maven-parent/16/maven-parent-16.pom
org/apache/maven/maven-parent/16/maven-parent-16.pom.sha1
org/apache/maven/maven-parent/20/maven-parent-20.pom.sha1
org/apache/maven/maven-parent/20/maven-parent-20.pom
org/apache/maven/maven-parent/21/maven-parent-21.pom
org/apache/maven/maven-parent/21/maven-parent-21.pom.sha1
org/apache/maven/maven-parent/10/maven-parent-10.pom.sha1
org/apache/maven/maven-parent/10/maven-parent-10.pom
org/apache/maven/maven-parent/11/maven-parent-11.pom.sha1
org/apache/maven/maven-parent/11/maven-parent-11.pom
org/apache/maven/maven-error-diagnostics/2.0/maven-error-diagnostics-2.0.pom
org/apache/maven/maven-error-diagnostics/2.0/maven-error-diagnostics-2.0.pom.sha1
org/apache/maven/maven-error-diagnostics/2.0.9/maven-error-diagnostics-2.0.9.pom.sha1
org/apache/maven/maven-error-diagnostics/2.0.9/maven-error-diagnostics-2.0.9.pom
org/apache/apache/9/apache-9.pom
org/apache/apache/9/apache-9.pom.sha1
org/apache/apache/7/apache-7.pom.sha1
org/apache/apache/7/apache-7.pom
org/apache/apache/6/apache-6.pom.sha1
org/apache/apache/6/apache-6.pom
org/apache/apache/5/apache-5.pom.sha1
org/apache/apache/5/apache-5.pom
org/apache/apache/3/apache-3.pom
org/apache/apache/3/apache-3.pom.sha1
org/apache/apache/4/apache-4.pom
org/apache/apache/4/apache-4.pom.sha1
org/apache/apache/10/apache-10.pom.sha1
org/apache/apache/10/apache-10.pom
org/apache/apache/1/apache-1.pom
org/apache/apache/1/apache-1.pom.sha1
org/apache/httpcomponents/httpcomponents-core/4.2.4/httpcomponents-core-4.2.4.pom.sha1
org/apache/httpcomponents/httpcomponents-core/4.2.4/httpcomponents-core-4.2.4.pom
org/apache/httpcomponents/httpcomponents-core/4.0-beta1/httpcomponents-core-4.0-beta1.pom
org/apache/httpcomponents/httpcomponents-core/4.0-beta1/httpcomponents-core-4.0-beta1.pom.sha1
org/apache/httpcomponents/project/4.0/project-4.0.pom.sha1
org/apache/httpcomponents/project/4.0/project-4.0.pom
org/apache/httpcomponents/project/6/project-6.pom
org/apache/httpcomponents/project/6/project-6.pom.sha1
org/apache/httpcomponents/httpclient/4.2.5/httpclient-4.2.5.pom.sha1
org/apache/httpcomponents/httpclient/4.2.5/httpclient-4.2.5.pom
org/apache/httpcomponents/httpclient/4.0-alpha4/httpclient-4.0-alpha4.pom
org/apache/httpcomponents/httpclient/4.0-alpha4/httpclient-4.0-alpha4.pom.sha1
org/apache/httpcomponents/httpclient/4.0-alpha4/httpclient-4.0-alpha4.jar
org/apache/httpcomponents/httpclient/4.0-alpha4/httpclient-4.0-alpha4.jar.sha1
org/apache/httpcomponents/httpcore/4.2.4/httpcore-4.2.4.pom.sha1
org/apache/httpcomponents/httpcore/4.2.4/httpcore-4.2.4.pom
org/apache/httpcomponents/httpcore/4.0-beta1/httpcore-4.0-beta1.pom.sha1
org/apache/httpcomponents/httpcore/4.0-beta1/httpcore-4.0-beta1.pom
org/apache/httpcomponents/httpcore/4.0-beta1/httpcore-4.0-beta1.jar.sha1
org/apache/httpcomponents/httpcore/4.0-beta1/httpcore-4.0-beta1.jar
org/apache/httpcomponents/httpcomponents-client/4.2.5/httpcomponents-client-4.2.5.pom
org/apache/httpcomponents/httpcomponents-client/4.2.5/httpcomponents-client-4.2.5.pom.sha1
org/apache/httpcomponents/httpcomponents-client/4.0-alpha4/httpcomponents-client-4.0-alpha4.pom.sha1
org/apache/httpcomponents/httpcomponents-client/4.0-alpha4/httpcomponents-client-4.0-alpha4.pom
org/apache/excalibur/excalibur/1/excalibur-1.pom.sha1
org/apache/excalibur/excalibur/1/excalibur-1.pom
org/mortbay/jetty/jetty-util/6.1.25/jetty-util-6.1.25.jar.sha1
org/mortbay/jetty/jetty-util/6.1.25/jetty-util-6.1.25.jar
org/mortbay/jetty/jetty/6.1.25/jetty-6.1.25.jar.sha1
org/mortbay/jetty/jetty/6.1.25/jetty-6.1.25.jar
org/ccil/cowan/tagsoup/tagsoup/0.9.7/tagsoup-0.9.7.pom
org/ccil/cowan/tagsoup/tagsoup/0.9.7/tagsoup-0.9.7.pom.sha1
org/ccil/cowan/tagsoup/tagsoup/1.2.1/tagsoup-1.2.1.pom.sha1
org/ccil/cowan/tagsoup/tagsoup/1.2.1/tagsoup-1.2.1.jar
org/ccil/cowan/tagsoup/tagsoup/1.2.1/tagsoup-1.2.1.pom
org/ccil/cowan/tagsoup/tagsoup/1.2.1/tagsoup-1.2.1.jar.sha1
org/eclipse/jgit/org.eclipse.jgit/3.0.0.201306101825-r/org.eclipse.jgit-3.0.0.201306101825-r.pom
org/eclipse/jgit/org.eclipse.jgit/3.0.0.201306101825-r/org.eclipse.jgit-3.0.0.201306101825-r.pom.sha1
org/eclipse/jgit/org.eclipse.jgit/3.0.0.201306101825-r/org.eclipse.jgit-3.0.0.201306101825-r.jar
org/eclipse/jgit/org.eclipse.jgit/3.0.0.201306101825-r/org.eclipse.jgit-3.0.0.201306101825-r.jar.sha1
org/eclipse/jgit/org.eclipse.jgit-parent/3.0.0.201306101825-r/org.eclipse.jgit-parent-3.0.0.201306101825-r.pom
org/eclipse/jgit/org.eclipse.jgit-parent/3.0.0.201306101825-r/org.eclipse.jgit-parent-3.0.0.201306101825-r.pom.sha1
dom4j/dom4j/1.6.1/dom4j-1.6.1.pom
dom4j/dom4j/1.6.1/dom4j-1.6.1.pom.sha1
aopalliance/aopalliance/1.0/aopalliance-1.0.pom
aopalliance/aopalliance/1.0/aopalliance-1.0.pom.sha1
aopalliance/aopalliance/1.0/aopalliance-1.0.jar.sha1
aopalliance/aopalliance/1.0/aopalliance-1.0.jar
xalan/xalan/2.6.0/xalan-2.6.0.pom
xalan/xalan/2.6.0/xalan-2.6.0.pom.sha1
xalan/xalan/2.7.0/xalan-2.7.0.pom.sha1
xalan/xalan/2.7.0/xalan-2.7.0.jar
xalan/xalan/2.7.0/xalan-2.7.0.jar.sha1
xalan/xalan/2.7.0/xalan-2.7.0.pom
saxon/saxon/6.5.3/saxon-6.5.3.jar.sha1
saxon/saxon/6.5.3/saxon-6.5.3.pom.sha1
saxon/saxon/6.5.3/saxon-6.5.3.jar
saxon/saxon/6.5.3/saxon-6.5.3.pom
net/sf/docbook/docbook/5.0-1/docbook-5.0-1.pom.sha1
net/sf/docbook/docbook/5.0-1/docbook-5.0-1.pom
net/sf/docbook/docbook/5.0/docbook-5.0.pom.sha1
net/sf/docbook/docbook/5.0/docbook-5.0.pom
net/sf/docbook/docbook-xsl/1.76.1/docbook-xsl-1.76.1.pom
net/sf/docbook/docbook-xsl/1.76.1/docbook-xsl-1.76.1.pom.sha1
net/sf/docbook/docbook-xsl/1.76.1/docbook-xsl-1.76.1-ns-resources.zip
net/sf/docbook/docbook-xsl/1.76.1/docbook-xsl-1.76.1-ns-resources.zip.sha1
net/sf/docbook/docbook-xsl-webhelpindexer/1.0.0/docbook-xsl-webhelpindexer-1.0.0.pom.sha1
net/sf/docbook/docbook-xsl-webhelpindexer/1.0.0/docbook-xsl-webhelpindexer-1.0.0.pom
net/sf/docbook/docbook-xsl-webhelpindexer/1.0.0/docbook-xsl-webhelpindexer-1.0.0.jar
net/sf/docbook/docbook-xsl-webhelpindexer/1.0.0/docbook-xsl-webhelpindexer-1.0.0.jar.sha1
net/sf/docbook/docbook-xsl-saxon/1.0.0/docbook-xsl-saxon-1.0.0.jar.sha1
net/sf/docbook/docbook-xsl-saxon/1.0.0/docbook-xsl-saxon-1.0.0.pom
net/sf/docbook/docbook-xsl-saxon/1.0.0/docbook-xsl-saxon-1.0.0.jar
net/sf/docbook/docbook-xsl-saxon/1.0.0/docbook-xsl-saxon-1.0.0.pom.sha1
net/sf/xslthl/xslthl/2.0.1/xslthl-2.0.1.jar
net/sf/xslthl/xslthl/2.0.1/xslthl-2.0.1.jar.sha1
net/sf/xslthl/xslthl/2.0.1/xslthl-2.0.1.pom
net/sf/xslthl/xslthl/2.0.1/xslthl-2.0.1.pom.sha1
net/sf/offo/fop-hyph/1.2/fop-hyph-1.2.pom
net/sf/offo/fop-hyph/1.2/fop-hyph-1.2.jar.sha1
net/sf/offo/fop-hyph/1.2/fop-hyph-1.2.pom.sha1
net/sf/offo/fop-hyph/1.2/fop-hyph-1.2.jar
net/sf/saxon/Saxon-HE/9.5.1-2/Saxon-HE-9.5.1-2.jar
net/sf/saxon/Saxon-HE/9.5.1-2/Saxon-HE-9.5.1-2.pom.sha1
net/sf/saxon/Saxon-HE/9.5.1-2/Saxon-HE-9.5.1-2.pom
net/sf/saxon/Saxon-HE/9.5.1-2/Saxon-HE-9.5.1-2.jar.sha1
net/sf/saxon/Saxon-HE/9.4.0.7/Saxon-HE-9.4.0.7.pom.sha1
net/sf/saxon/Saxon-HE/9.4.0.7/Saxon-HE-9.4.0.7.pom
net/sf/saxon/saxon/8.7/saxon-8.7.jar.sha1
net/sf/saxon/saxon/8.7/saxon-8.7.jar
net/sf/saxon/saxon/8.7/saxon-8.7.pom
net/sf/saxon/saxon/8.7/saxon-8.7.pom.sha1

