adwaita-cursor-theme-3.22.0-1.el7.noarch.rpm#http://vault.centos.org/7.4.1708/os/x86_64/Packages/adwaita-cursor-theme-3.22.0-1.el7.noarch.rpm
adwaita-icon-theme-3.22.0-1.el7.noarch.rpm#http://vault.centos.org/7.4.1708/os/x86_64/Packages/adwaita-icon-theme-3.22.0-1.el7.noarch.rpm
alsa-lib-1.1.3-3.el7.x86_64.rpm#http://vault.centos.org/7.4.1708/os/x86_64/Packages/alsa-lib-1.1.3-3.el7.x86_64.rpm
alsa-lib-devel-1.1.3-3.el7.x86_64.rpm#http://vault.centos.org/7.4.1708/os/x86_64/Packages/alsa-lib-devel-1.1.3-3.el7.x86_64.rpm
copy-jdk-configs-2.2-3.el7.noarch.rpm#http://vault.centos.org/7.4.1708/os/x86_64/Packages/copy-jdk-configs-2.2-3.el7.noarch.rpm
cups-libs-1.6.3-29.el7.x86_64.rpm#http://vault.centos.org/7.4.1708/os/x86_64/Packages/cups-libs-1.6.3-29.el7.x86_64.rpm
device-mapper-1.02.140-8.el7.x86_64.rpm#http://vault.centos.org/7.4.1708/os/x86_64/Packages/device-mapper-1.02.140-8.el7.x86_64.rpm
device-mapper-devel-1.02.140-8.el7.x86_64.rpm#http://buildlogs-seed.centos.org/c7.1708.00/lvm2/20170805150537/2.02.171-8.el7.x86_64/device-mapper-devel-1.02.140-8.el7.x86_64.rpm
device-mapper-event-1.02.140-8.el7.x86_64.rpm#http://vault.centos.org/7.4.1708/os/x86_64/Packages/device-mapper-event-1.02.140-8.el7.x86_64.rpm
device-mapper-event-libs-1.02.140-8.el7.x86_64.rpm#http://vault.centos.org/7.4.1708/os/x86_64/Packages/device-mapper-event-libs-1.02.140-8.el7.x86_64.rpm
device-mapper-libs-1.02.140-8.el7.x86_64.rpm#http://vault.centos.org/7.4.1708/os/x86_64/Packages/device-mapper-libs-1.02.140-8.el7.x86_64.rpm
device-mapper-persistent-data-0.7.0-0.1.rc6.el7.x86_64.rpm#http://vault.centos.org/7.4.1708/os/x86_64/Packages/device-mapper-persistent-data-0.7.0-0.1.rc6.el7.x86_64.rpm
elfutils-0.168-8.el7.x86_64.rpm#http://vault.centos.org/7.4.1708/os/x86_64/Packages/elfutils-0.168-8.el7.x86_64.rpm
elfutils-default-yama-scope-0.168-8.el7.noarch.rpm#http://vault.centos.org/7.4.1708/os/x86_64/Packages/elfutils-default-yama-scope-0.168-8.el7.noarch.rpm
elfutils-devel-0.168-8.el7.x86_64.rpm#http://vault.centos.org/7.4.1708/os/x86_64/Packages/elfutils-devel-0.168-8.el7.x86_64.rpm
elfutils-libelf-0.168-8.el7.x86_64.rpm#http://vault.centos.org/7.4.1708/os/x86_64/Packages/elfutils-libelf-0.168-8.el7.x86_64.rpm
elfutils-libelf-devel-0.168-8.el7.x86_64.rpm#http://vault.centos.org/7.4.1708/os/x86_64/Packages/elfutils-libelf-devel-0.168-8.el7.x86_64.rpm
elfutils-libs-0.168-8.el7.x86_64.rpm#http://vault.centos.org/7.4.1708/os/x86_64/Packages/elfutils-libs-0.168-8.el7.x86_64.rpm
glib2-2.50.3-3.el7.x86_64.rpm#http://vault.centos.org/7.4.1708/os/x86_64/Packages/glib2-2.50.3-3.el7.x86_64.rpm
glib2-devel-2.50.3-3.el7.x86_64.rpm#http://vault.centos.org/7.4.1708/os/x86_64/Packages/glib2-devel-2.50.3-3.el7.x86_64.rpm
glib2-doc-2.50.3-3.el7.noarch.rpm#http://vault.centos.org/7.4.1708/os/x86_64/Packages/glib2-doc-2.50.3-3.el7.noarch.rpm
glusterfs-3.8.4-18.4.el7.centos.x86_64.rpm#http://vault.centos.org/7.4.1708/os/x86_64/Packages/glusterfs-3.8.4-18.4.el7.centos.x86_64.rpm
glusterfs-api-3.8.4-18.4.el7.centos.x86_64.rpm#http://vault.centos.org/7.4.1708/os/x86_64/Packages/glusterfs-api-3.8.4-18.4.el7.centos.x86_64.rpm
glusterfs-api-devel-3.8.4-18.4.el7.centos.x86_64.rpm#http://vault.centos.org/7.4.1708/os/x86_64/Packages/glusterfs-api-devel-3.8.4-18.4.el7.centos.x86_64.rpm
glusterfs-cli-3.8.4-18.4.el7.centos.x86_64.rpm#http://vault.centos.org/7.4.1708/os/x86_64/Packages/glusterfs-cli-3.8.4-18.4.el7.centos.x86_64.rpm
glusterfs-client-xlators-3.8.4-18.4.el7.centos.x86_64.rpm#http://vault.centos.org/7.4.1708/os/x86_64/Packages/glusterfs-client-xlators-3.8.4-18.4.el7.centos.x86_64.rpm
glusterfs-devel-3.8.4-18.4.el7.centos.x86_64.rpm#http://vault.centos.org/7.4.1708/os/x86_64/Packages/glusterfs-devel-3.8.4-18.4.el7.centos.x86_64.rpm
glusterfs-libs-3.8.4-18.4.el7.centos.x86_64.rpm#http://vault.centos.org/7.4.1708/os/x86_64/Packages/glusterfs-libs-3.8.4-18.4.el7.centos.x86_64.rpm
gsettings-desktop-schemas-3.22.0-1.el7.x86_64.rpm#http://vault.centos.org/7.4.1708/os/x86_64/Packages/gsettings-desktop-schemas-3.22.0-1.el7.x86_64.rpm
gssproxy-0.7.0-4.el7.x86_64.rpm#http://vault.centos.org/7.4.1708/os/x86_64/Packages/gssproxy-0.7.0-4.el7.x86_64.rpm
gtk3-3.22.10-4.el7.x86_64.rpm#http://vault.centos.org/7.4.1708/os/x86_64/Packages/gtk3-3.22.10-4.el7.x86_64.rpm
gtk3-devel-3.22.10-4.el7.x86_64.rpm#http://vault.centos.org/7.4.1708/os/x86_64/Packages/gtk3-devel-3.22.10-4.el7.x86_64.rpm
gtk3-devel-docs-3.22.10-4.el7.x86_64.rpm#http://vault.centos.org/7.4.1708/os/x86_64/Packages/gtk3-devel-docs-3.22.10-4.el7.x86_64.rpm
gtk-update-icon-cache-3.22.10-4.el7.x86_64.rpm#http://vault.centos.org/7.4.1708/os/x86_64/Packages/gtk-update-icon-cache-3.22.10-4.el7.x86_64.rpm
ima-evm-utils-1.0-1.el7.x86_64.rpm#http://mirrors.isu.net.sa/pub/fedora/fedora-epel/7Server/x86_64/i/ima-evm-utils-1.0-1.el7.x86_64.rpm
ima-evm-utils-devel-1.0-1.el7.x86_64.rpm#http://mirrors.isu.net.sa/pub/fedora/fedora-epel/7Server/x86_64/i/ima-evm-utils-devel-1.0-1.el7.x86_64.rpm
initscripts-9.49.39-1.el7.x86_64.rpm#http://vault.centos.org/7.4.1708/os/x86_64/Packages/initscripts-9.49.39-1.el7.x86_64.rpm
iprutils-2.4.14.1-1.el7.x86_64.rpm#http://vault.centos.org/7.4.1708/os/x86_64/Packages/iprutils-2.4.14.1-1.el7.x86_64.rpm
iptables-1.4.21-18.0.1.el7.centos.x86_64.rpm#http://vault.centos.org/7.4.1708/os/x86_64/Packages/iptables-1.4.21-18.0.1.el7.centos.x86_64.rpm
java-1.8.0-openjdk-1.8.0.144-0.b01.el7_4.x86_64.rpm#http://vault.centos.org/7.4.1708/updates/x86_64/Packages/java-1.8.0-openjdk-1.8.0.144-0.b01.el7_4.x86_64.rpm
java-1.8.0-openjdk-devel-1.8.0.144-0.b01.el7_4.x86_64.rpm#http://vault.centos.org/7.4.1708/updates/x86_64/Packages/java-1.8.0-openjdk-devel-1.8.0.144-0.b01.el7_4.x86_64.rpm
java-1.8.0-openjdk-headless-1.8.0.144-0.b01.el7_4.x86_64.rpm#http://vault.centos.org/7.4.1708/updates/x86_64/Packages/java-1.8.0-openjdk-headless-1.8.0.144-0.b01.el7_4.x86_64.rpm
kexec-tools-2.0.14-17.el7.x86_64.rpm#http://vault.centos.org/7.4.1708/os/x86_64/Packages/kexec-tools-2.0.14-17.el7.x86_64.rpm
libblkid-2.23.2-43.el7.x86_64.rpm#http://vault.centos.org/7.4.1708/os/x86_64/Packages/libblkid-2.23.2-43.el7.x86_64.rpm
libcom_err-1.42.9-10.el7.x86_64.rpm#http://vault.centos.org/7.4.1708/os/x86_64/Packages/libcom_err-1.42.9-10.el7.x86_64.rpm
libcom_err-devel-1.42.9-10.el7.x86_64.rpm#http://vault.centos.org/7.4.1708/os/x86_64/Packages/libcom_err-devel-1.42.9-10.el7.x86_64.rpm
libdrm-2.4.74-1.el7.x86_64.rpm#http://vault.centos.org/7.4.1708/os/x86_64/Packages/libdrm-2.4.74-1.el7.x86_64.rpm
libdrm-devel-2.4.74-1.el7.x86_64.rpm#http://vault.centos.org/7.4.1708/os/x86_64/Packages/libdrm-devel-2.4.74-1.el7.x86_64.rpm
libguestfs-1.36.3-6.el7_4.3.x86_64.rpm#http://vault.centos.org/7.4.1708/updates/x86_64/Packages/libguestfs-1.36.3-6.el7_4.3.x86_64.rpm
libldb-1.1.29-1.el7.x86_64.rpm#http://vault.centos.org/7.4.1708/os/x86_64/Packages/libldb-1.1.29-1.el7.x86_64.rpm
libmount-2.23.2-43.el7.x86_64.rpm#http://vault.centos.org/7.4.1708/os/x86_64/Packages/libmount-2.23.2-43.el7.x86_64.rpm
libsemanage-2.5-8.el7.x86_64.rpm#http://vault.centos.org/7.4.1708/os/x86_64/Packages/libsemanage-2.5-8.el7.x86_64.rpm
libsemanage-devel-2.5-8.el7.x86_64.rpm#http://vault.centos.org/7.4.1708/os/x86_64/Packages/libsemanage-devel-2.5-8.el7.x86_64.rpm
libsemanage-python-2.5-8.el7.x86_64.rpm#http://vault.centos.org/7.4.1708/os/x86_64/Packages/libsemanage-python-2.5-8.el7.x86_64.rpm
libtalloc-2.1.9-1.el7.x86_64.rpm#http://vault.centos.org/7.4.1708/os/x86_64/Packages/libtalloc-2.1.9-1.el7.x86_64.rpm
libtdb-1.3.12-2.el7.x86_64.rpm#http://vault.centos.org/7.4.1708/os/x86_64/Packages/libtdb-1.3.12-2.el7.x86_64.rpm
libtevent-0.9.31-1.el7.x86_64.rpm#http://koozali.groenz.co.nz/releases/testing/10.0.alpha3/smeupdates/x86_64/RPMS/libtevent-0.9.31-1.el7.x86_64.rpm
libuuid-2.23.2-43.el7.x86_64.rpm#http://vault.centos.org/7.4.1708/os/x86_64/Packages/libuuid-2.23.2-43.el7.x86_64.rpm
libvirt-python-3.5.0-1.fc24.src.rpm#https://libvirt.org/sources/python/libvirt-python-3.5.0-1.fc24.src.rpm
libwbclient-4.6.2-12.el7_4.x86_64.rpm#http://vault.centos.org/7.4.1708/updates/x86_64/Packages/libwbclient-4.6.2-12.el7_4.x86_64.rpm
lighttpd-1.4.45-1.el7.src.rpm#http://epel.blizoo.mk/epel/7/SRPMS/l/lighttpd-1.4.45-1.el7.src.rpm
linux-firmware-20170606-56.gitc990aae.el7.noarch.rpm#http://vault.centos.org/7.4.1708/os/x86_64/Packages/linux-firmware-20170606-56.gitc990aae.el7.noarch.rpm
lvm2-2.02.171-8.el7.x86_64.rpm#http://vault.centos.org/7.4.1708/os/x86_64/Packages/lvm2-2.02.171-8.el7.x86_64.rpm
lvm2-libs-2.02.171-8.el7.x86_64.rpm#http://vault.centos.org/7.4.1708/os/x86_64/Packages/lvm2-libs-2.02.171-8.el7.x86_64.rpm
mesa-libEGL-17.0.1-6.20170307.el7.x86_64.rpm#http://vault.centos.org/7.4.1708/os/x86_64/Packages/mesa-libEGL-17.0.1-6.20170307.el7.x86_64.rpm
mesa-libEGL-devel-17.0.1-6.20170307.el7.x86_64.rpm#http://vault.centos.org/7.4.1708/os/x86_64/Packages/mesa-libEGL-devel-17.0.1-6.20170307.el7.x86_64.rpm
mesa-libgbm-17.0.1-6.20170307.el7.x86_64.rpm#http://vault.centos.org/7.4.1708/os/x86_64/Packages/mesa-libgbm-17.0.1-6.20170307.el7.x86_64.rpm
mesa-libGL-17.0.1-6.20170307.el7.x86_64.rpm#http://vault.centos.org/7.4.1708/os/x86_64/Packages/mesa-libGL-17.0.1-6.20170307.el7.x86_64.rpm
mesa-libglapi-17.0.1-6.20170307.el7.x86_64.rpm#http://vault.centos.org/7.4.1708/os/x86_64/Packages/mesa-libglapi-17.0.1-6.20170307.el7.x86_64.rpm
mesa-libGL-devel-17.0.1-6.20170307.el7.x86_64.rpm#http://vault.centos.org/7.4.1708/os/x86_64/Packages/mesa-libGL-devel-17.0.1-6.20170307.el7.x86_64.rpm
mokutil-12-1.el7.centos.x86_64.rpm#http://vault.centos.org/7.4.1708/os/x86_64/Packages/mokutil-12-1.el7.centos.x86_64.rpm
NetworkManager-glib-1.8.0-9.el7.x86_64.rpm#http://vault.centos.org/7.4.1708/os/x86_64/Packages/NetworkManager-glib-1.8.0-9.el7.x86_64.rpm
NetworkManager-glib-devel-1.8.0-9.el7.x86_64.rpm#http://vault.centos.org/7.4.1708/os/x86_64/Packages/NetworkManager-glib-devel-1.8.0-9.el7.x86_64.rpm
novnc-0.6.2-1.el7.src.rpm#http://cbs.centos.org/kojifiles/packages/novnc/0.6.2/1.el7/src/novnc-0.6.2-1.el7.src.rpm
nss-softokn-3.28.3-8.el7_4.x86_64.rpm#http://vault.centos.org/7.4.1708/updates/x86_64/Packages/nss-softokn-3.28.3-8.el7_4.x86_64.rpm
nss-softokn-devel-3.28.3-8.el7_4.x86_64.rpm#http://vault.centos.org/7.4.1708/updates/x86_64/Packages/nss-softokn-devel-3.28.3-8.el7_4.x86_64.rpm
nss-softokn-freebl-3.28.3-8.el7_4.x86_64.rpm#http://vault.centos.org/7.4.1708/updates/x86_64/Packages/nss-softokn-freebl-3.28.3-8.el7_4.x86_64.rpm
nss-softokn-freebl-devel-3.28.3-8.el7_4.x86_64.rpm#http://ftp.ksu.edu.tw/FTP/CentOS/7.4.1708/updates/x86_64/Packages/nss-softokn-freebl-devel-3.28.3-8.el7_4.x86_64.rpm
openldap-2.4.44-5.el7.x86_64.rpm#http://vault.centos.org/7.4.1708/os/x86_64/Packages/openldap-2.4.44-5.el7.x86_64.rpm
openscap-1.2.14-2.el7.x86_64.rpm#http://vault.centos.org/7.4.1708/os/x86_64/Packages/openscap-1.2.14-2.el7.x86_64.rpm
openscap-scanner-1.2.14-2.el7.x86_64.rpm#http://vault.centos.org/7.4.1708/os/x86_64/Packages/openscap-scanner-1.2.14-2.el7.x86_64.rpm
openstack-tempest-17.0.0-1.el7.noarch.rpm#http://cbs.centos.org/kojifiles/packages/openstack-tempest/17.0.0/1.el7/noarch/openstack-tempest-17.0.0-1.el7.noarch.rpm
osinfo-db-20170423-2.el7.noarch.rpm#http://vault.centos.org/7.4.1708/os/x86_64/Packages/osinfo-db-20170423-2.el7.noarch.rpm
OVMF-20150414-2.gitc9e5618.el7.noarch.rpm#http://cbs.centos.org/kojifiles/packages/ovmf/20150414/2.gitc9e5618.el7/noarch/OVMF-20150414-2.gitc9e5618.el7.noarch.rpm
policycoreutils-2.5-17.1.el7.x86_64.rpm#http://vault.centos.org/7.4.1708/os/x86_64/Packages/policycoreutils-2.5-17.1.el7.x86_64.rpm
policycoreutils-devel-2.5-17.1.el7.x86_64.rpm#http://vault.centos.org/7.4.1708/os/x86_64/Packages/policycoreutils-devel-2.5-17.1.el7.x86_64.rpm
policycoreutils-python-2.5-17.1.el7.x86_64.rpm#http://vault.centos.org/7.4.1708/os/x86_64/Packages/policycoreutils-python-2.5-17.1.el7.x86_64.rpm
pulseaudio-libs-10.0-3.el7.x86_64.rpm#http://vault.centos.org/7.4.1708/os/x86_64/Packages/pulseaudio-libs-10.0-3.el7.x86_64.rpm
pulseaudio-libs-devel-10.0-3.el7.x86_64.rpm#http://vault.centos.org/7.4.1708/os/x86_64/Packages/pulseaudio-libs-devel-10.0-3.el7.x86_64.rpm
pulseaudio-libs-glib2-10.0-3.el7.x86_64.rpm#http://vault.centos.org/7.4.1708/os/x86_64/Packages/pulseaudio-libs-glib2-10.0-3.el7.x86_64.rpm
pykickstart-1.99.66.12-1.el7.noarch.rpm#http://vault.centos.org/7.4.1708/os/x86_64/Packages/pykickstart-1.99.66.12-1.el7.noarch.rpm
python-2.7.5-58.el7.x86_64.rpm#http://vault.centos.org/7.4.1708/os/x86_64/Packages/python-2.7.5-58.el7.x86_64.rpm
python2-google-api-client-1.6.3-1.el7.noarch.rpm#https://www.rpmfind.net/linux/epel/7/x86_64/Packages/p/python2-google-api-client-1.6.3-1.el7.noarch.rpm
python2-httpbin-0.5.0-6.el7.noarch.rpm#http://cbs.centos.org/kojifiles/packages/python-httpbin/0.5.0/6.el7/noarch/python2-httpbin-0.5.0-6.el7.noarch.rpm
python2-ironicclient-1.17.0-1.el7.noarch.rpm#http://mirror.centos.org/centos/7/cloud/x86_64/openstack-pike/python2-ironicclient-1.17.0-1.el7.noarch.rpm
python2-manilaclient-1.17.2-1.el7.noarch.rpm#http://cbs.centos.org/kojifiles/packages/python-manilaclient/1.17.2/1.el7/noarch/python2-manilaclient-1.17.2-1.el7.noarch.rpm
python2-mistralclient-3.1.3-1.el7.noarch.rpm#http://cbs.centos.org/kojifiles/packages/python-mistralclient/3.1.3/1.el7/noarch/python2-mistralclient-3.1.3-1.el7.noarch.rpm
python2-msgpack-0.4.8-1.el7.x86_64.rpm#http://epel.blizoo.mk/epel/7Server/x86_64/p/python2-msgpack-0.4.8-1.el7.x86_64.rpm
python2-os-brick-1.15.4-1.el7.noarch.rpm#http://cbs.centos.org/kojifiles/packages/python-os-brick/1.15.4/1.el7/noarch/python2-os-brick-1.15.4-1.el7.noarch.rpm
python2-pysocks-1.5.7-1.el7.noarch.rpm#http://epel.blizoo.mk/epel/7Server/x86_64/p/python2-pysocks-1.5.7-1.el7.noarch.rpm
python2-pytest-httpbin-0.2.3-6.el7.noarch.rpm#http://cbs.centos.org/kojifiles/packages/python-pytest-httpbin/0.2.3/6.el7/noarch/python2-pytest-httpbin-0.2.3-6.el7.noarch.rpm
python2-pytest-mock-1.6.0-2.el7.noarch.rpm#http://cbs.centos.org/kojifiles/packages/python-pytest-mock/1.6.0/2.el7/noarch/python2-pytest-mock-1.6.0-2.el7.noarch.rpm
python2-storops-0.4.7-2.el7.noarch.rpm#http://cbs.centos.org/kojifiles/packages/python-storops/0.4.7/2.el7/noarch/python2-storops-0.4.7-2.el7.noarch.rpm
python2-sushy-1.1.0-1.el7.noarch.rpm#http://cbs.centos.org/kojifiles/packages/python-sushy/1.1.0/1.el7/noarch/python2-sushy-1.1.0-1.el7.noarch.rpm
python2-tempestconf-1.1.3-1.el7.noarch.rpm#http://mirror.centos.org/centos/7/cloud/x86_64/openstack-pike/python2-tempestconf-1.1.3-1.el7.noarch.rpm
python2-urllib3-1.21.1-1.el7.noarch.rpm#http://cbs.centos.org/kojifiles/packages/python-urllib3/1.21.1/1.el7/noarch/python2-urllib3-1.21.1-1.el7.noarch.rpm
python-debug-2.7.5-58.el7.x86_64.rpm#http://vault.centos.org/7.4.1708/os/x86_64/Packages/python-debug-2.7.5-58.el7.x86_64.rpm
python-devel-2.7.5-58.el7.x86_64.rpm#http://vault.centos.org/7.4.1708/os/x86_64/Packages/python-devel-2.7.5-58.el7.x86_64.rpm
python-gobject-3.22.0-1.el7.x86_64.rpm#http://vault.centos.org/7.4.1708/os/x86_64/Packages/python-gobject-3.22.0-1.el7.x86_64.rpm
python-gobject-base-3.22.0-1.el7.x86_64.rpm#http://vault.centos.org/7.4.1708/os/x86_64/Packages/python-gobject-base-3.22.0-1.el7.x86_64.rpm
python-gunicorn-19.7.1-1.fc27.src.rpm#https://kojipkgs.fedoraproject.org/packages/python-gunicorn/19.7.1/1.fc27/src/python-gunicorn-19.7.1-1.fc27.src.rpm
python-ironic-inspector-client-2.1.0-1.el7.noarch.rpm#http://cbs.centos.org/kojifiles/packages/python-ironic-inspector-client/2.1.0/1.el7/noarch/python-ironic-inspector-client-2.1.0-1.el7.noarch.rpm
python-ironic-lib-2.10.0-1.el7.noarch.rpm#http://cbs.centos.org/kojifiles/packages/python-ironic-lib/2.10.0/1.el7/noarch/python-ironic-lib-2.10.0-1.el7.noarch.rpm
python-libguestfs-1.36.3-6.el7_4.3.x86_64.rpm#http://vault.centos.org/7.4.1708/updates/x86_64/Packages/python-libguestfs-1.36.3-6.el7_4.3.x86_64.rpm
python-libs-2.7.5-58.el7.x86_64.rpm#http://vault.centos.org/7.4.1708/os/x86_64/Packages/python-libs-2.7.5-58.el7.x86_64.rpm
python-pyngus-2.2.1-1.el7.noarch.rpm#http://epel.blizoo.mk/epel/7Server/x86_64/p/python-pyngus-2.2.1-1.el7.noarch.rpm
python-qpid-proton-0.17.0-4.el7.x86_64.rpm#http://cbs.centos.org/kojifiles/packages/qpid-proton/0.17.0/4.el7/x86_64/python-qpid-proton-0.17.0-4.el7.x86_64.rpm
python-requests-mock-1.3.0-1.el7.noarch.rpm#http://cbs.centos.org/kojifiles/packages/python-requests-mock/1.3.0/1.el7/noarch/python-requests-mock-1.3.0-1.el7.noarch.rpm
python-setuptools-22.0.5-1.el7.src.rpm#http://cbs.centos.org/kojifiles/packages/python-setuptools/22.0.5/1.el7/src/python-setuptools-22.0.5-1.el7.src.rpm
python-tempest-17.0.0-1.el7.noarch.rpm#http://cbs.centos.org/kojifiles/packages/openstack-tempest/17.0.0/1.el7/noarch/python-tempest-17.0.0-1.el7.noarch.rpm
python-test-2.7.5-58.el7.x86_64.rpm#http://dedic.sh/centos/7.3.1611/cr/x86_64/Packages/python-test-2.7.5-58.el7.x86_64.rpm
python-tools-2.7.5-58.el7.x86_64.rpm#http://vault.centos.org/7.4.1708/os/x86_64/Packages/python-tools-2.7.5-58.el7.x86_64.rpm
python-virtualenv-1.10.1-4.el7.noarch.rpm#http://vault.centos.org/7.4.1708/os/x86_64/Packages/python-virtualenv-1.10.1-4.el7.noarch.rpm
qpid-proton-c-0.17.0-4.el7.x86_64.rpm#http://cbs.centos.org/kojifiles/packages/qpid-proton/0.17.0/4.el7/x86_64/qpid-proton-c-0.17.0-4.el7.x86_64.rpm
rest-0.8.0-1.el7.x86_64.rpm#http://vault.centos.org/7.4.1708/os/x86_64/Packages/rest-0.8.0-1.el7.x86_64.rpm
samba-client-libs-4.6.2-12.el7_4.x86_64.rpm#http://vault.centos.org/7.4.1708/updates/x86_64/Packages/samba-client-libs-4.6.2-12.el7_4.x86_64.rpm
samba-common-4.6.2-12.el7_4.noarch.rpm#http://vault.centos.org/7.4.1708/updates/x86_64/Packages/samba-common-4.6.2-12.el7_4.noarch.rpm
scapy-2.3.3-1.el7.src.rpm#http://mirrors.isu.net.sa/pub/fedora/fedora-epel/7/SRPMS/s/scapy-2.3.3-1.el7.src.rpm
selinux-policy-3.13.1-166.el7_4.4.noarch.rpm#http://vault.centos.org/7.4.1708/updates/x86_64/Packages/selinux-policy-3.13.1-166.el7_4.4.noarch.rpm
selinux-policy-devel-3.13.1-166.el7_4.4.noarch.rpm#https://buildlogs.centos.org/c7.1708.u.i386/selinux-policy/20170906231652/3.13.1-166.el7_4.4.x86_64/selinux-policy-devel-3.13.1-166.el7_4.4.noarch.rpm
spice-protocol-0.12.12-2.el7.noarch.rpm#http://vault.centos.org/7.4.1708/os/x86_64/Packages/spice-protocol-0.12.12-2.el7.noarch.rpm
spice-server-0.12.8-2.el7.1.x86_64.rpm#http://vault.centos.org/7.4.1708/updates/x86_64/Packages/spice-server-0.12.8-2.el7.1.x86_64.rpm
spice-server-devel-0.12.8-2.el7.1.x86_64.rpm#http://vault.centos.org/7.4.1708/updates/x86_64/Packages/spice-server-devel-0.12.8-2.el7.1.x86_64.rpm
systemd-219-42.el7_4.1.x86_64.rpm#http://vault.centos.org/7.4.1708/updates/x86_64/Packages/systemd-219-42.el7_4.1.x86_64.rpm
systemd-devel-219-42.el7_4.1.x86_64.rpm#http://vault.centos.org/7.4.1708/updates/x86_64/Packages/systemd-devel-219-42.el7_4.1.x86_64.rpm
systemd-libs-219-42.el7_4.1.x86_64.rpm#http://vault.centos.org/7.4.1708/updates/x86_64/Packages/systemd-libs-219-42.el7_4.1.x86_64.rpm
systemd-sysv-219-42.el7_4.1.x86_64.rpm#http://vault.centos.org/7.4.1708/updates/x86_64/Packages/systemd-sysv-219-42.el7_4.1.x86_64.rpm
systemtap-3.1-3.el7.x86_64.rpm#http://vault.centos.org/7.4.1708/os/x86_64/Packages/systemtap-3.1-3.el7.x86_64.rpm
systemtap-client-3.1-3.el7.x86_64.rpm#http://vault.centos.org/7.4.1708/os/x86_64/Packages/systemtap-client-3.1-3.el7.x86_64.rpm
systemtap-devel-3.1-3.el7.x86_64.rpm#http://vault.centos.org/7.4.1708/os/x86_64/Packages/systemtap-devel-3.1-3.el7.x86_64.rpm
systemtap-runtime-3.1-3.el7.x86_64.rpm#http://vault.centos.org/7.4.1708/os/x86_64/Packages/systemtap-runtime-3.1-3.el7.x86_64.rpm
systemtap-sdt-devel-3.1-3.el7.x86_64.rpm#http://vault.centos.org/7.4.1708/os/x86_64/Packages/systemtap-sdt-devel-3.1-3.el7.x86_64.rpm
tcpdump-4.9.0-5.el7.x86_64.rpm#http://vault.centos.org/7.4.1708/os/x86_64/Packages/tcpdump-4.9.0-5.el7.x86_64.rpm
tkinter-2.7.5-58.el7.x86_64.rpm#http://vault.centos.org/7.4.1708/os/x86_64/Packages/tkinter-2.7.5-58.el7.x86_64.rpm
tuned-2.8.0-5.el7.noarch.rpm#http://vault.centos.org/7.4.1708/os/x86_64/Packages/tuned-2.8.0-5.el7.noarch.rpm
tuned-profiles-realtime-2.8.0-5.el7.noarch.rpm#http://ftp.iij.ad.jp/pub/linux/centos/7/rt/x86_64/Packages/tuned-profiles-realtime-2.8.0-5.el7.noarch.rpm
util-linux-2.23.2-43.el7.x86_64.rpm#http://vault.centos.org/7.4.1708/os/x86_64/Packages/util-linux-2.23.2-43.el7.x86_64.rpm
valgrind-3.12.0-8.el7.x86_64.rpm#http://vault.centos.org/7.4.1708/os/x86_64/Packages/valgrind-3.12.0-8.el7.x86_64.rpm
valgrind-devel-3.12.0-8.el7.x86_64.rpm#http://vault.centos.org/7.4.1708/os/x86_64/Packages/valgrind-devel-3.12.0-8.el7.x86_64.rpm
