libvirt-python-4.7.0-1.fc28.src.rpm#https://libvirt.org/sources/python/libvirt-python-4.7.0-1.fc28.src.rpm
novnc-0.6.2-1.el7.noarch.rpm#http://cbs.centos.org/kojifiles/packages/novnc/0.6.2/1.el7/noarch/novnc-0.6.2-1.el7.noarch.rpm
python2-docker-3.3.0-1.el7.noarch.rpm#http://cbs.centos.org/kojifiles/packages/python-docker/3.3.0/1.el7/noarch/python2-docker-3.3.0-1.el7.noarch.rpm
python2-httpbin-0.5.0-6.el7.noarch.rpm#http://cbs.centos.org/kojifiles/packages/python-httpbin/0.5.0/6.el7/noarch/python2-httpbin-0.5.0-6.el7.noarch.rpm
python-kubernetes-6.0.0-1.el7.src.rpm#http://cbs.centos.org/kojifiles/packages/python-kubernetes/6.0.0/1.el7/src/python-kubernetes-6.0.0-1.el7.src.rpm
python2-kubernetes-6.0.0-1.el7.noarch.rpm#http://cbs.centos.org/kojifiles/packages/python-kubernetes/6.0.0/1.el7/noarch/python2-kubernetes-6.0.0-1.el7.noarch.rpm
python2-pytest-httpbin-0.2.3-6.el7.noarch.rpm#http://cbs.centos.org/kojifiles/packages/python-pytest-httpbin/0.2.3/6.el7/noarch/python2-pytest-httpbin-0.2.3-6.el7.noarch.rpm
python2-pytest-mock-1.6.0-2.el7.noarch.rpm#http://cbs.centos.org/kojifiles/packages/python-pytest-mock/1.6.0/2.el7/noarch/python2-pytest-mock-1.6.0-2.el7.noarch.rpm
python2-storops-0.4.7-2.el7.noarch.rpm#http://cbs.centos.org/kojifiles/packages/python-storops/0.4.7/2.el7/noarch/python2-storops-0.4.7-2.el7.noarch.rpm
python-gunicorn-19.7.1-1.fc27.src.rpm#https://kojipkgs.fedoraproject.org/packages/python-gunicorn/19.7.1/1.fc27/src/python-gunicorn-19.7.1-1.fc27.src.rpm
influxdb-0.9.5.1-1.x86_64.rpm#https://s3.amazonaws.com/influxdb/influxdb-0.9.5.1-1.x86_64.rpm
python2-wheel-0.31.1-3.fc30.noarch.rpm#https://kojipkgs.fedoraproject.org/packages/python-wheel/0.31.1/3.fc30/noarch/python2-wheel-0.31.1-3.fc30.noarch.rpm
python3-wheel-0.31.1-3.fc30.noarch.rpm#https://kojipkgs.fedoraproject.org/packages/python-wheel/0.31.1/3.fc30/noarch/python3-wheel-0.31.1-3.fc30.noarch.rpm
python2-pip-9.0.3-6.fc29.noarch.rpm#https://kojipkgs.fedoraproject.org/packages/python-pip/9.0.3/6.fc29/noarch/python2-pip-9.0.3-6.fc29.noarch.rpm
python3-pip-9.0.3-6.fc29.noarch.rpm#https://kojipkgs.fedoraproject.org/packages/python-pip/9.0.3/6.fc29/noarch/python3-pip-9.0.3-6.fc29.noarch.rpm
