boost_1_67_0.tar.bz2#boost_1_67_0#https://dl.bintray.com/boostorg/release/1.67.0/source/boost_1_67_0.tar.bz2#https##
dpkg_1.18.24.tar.xz#dpkg-1.18.24#http://http.debian.net/debian/pool/main/d/dpkg/dpkg_1.18.24.tar.xz#http##
drbd-8.4.3.tar.gz#drbd-8.4.3#http://www.linbit.com/downloads/drbd/8.4/archive/drbd-8.4.3.tar.gz#http##
drbd-8.4.11-1.tar.gz#drbd-8.4.11-1#http://www.linbit.com/downloads/drbd/8.4/drbd-8.4.11-1.tar.gz#http##
dtc-1.4.4.tar.gz#dtc-1.4.4#https://www.kernel.org/pub/software/utils/dtc/dtc-1.4.4.tar.gz#http##
dep-v0.5.0.tar.gz#dep-v0.5.0#https://github.com/golang/dep/archive/v0.5.0.tar.gz#http##
e1000e-3.4.2.1.tar.gz#e1000e-3.4.2.1#https://sourceforge.net/projects/e1000/files/e1000e%20stable/3.4.2.1/e1000e-3.4.2.1.tar.gz#http##
gnulib-ffc927e.tar.gz#gnulib-ffc927e#http://git.savannah.gnu.org/cgit/gnulib.git/snapshot/gnulib-ffc927eef29016a5219cd969daad8928af6a1f4d.tar.gz#http##
i40e-2.4.10.tar.gz#i40e-2.4.10#https://sourceforge.net/projects/e1000/files/i40e%20stable/2.4.10/i40e-2.4.10.tar.gz/download#http##
i40evf-3.5.13.tar.gz#i40evf-3.5.13#https://sourceforge.net/projects/e1000/files/i40evf%20stable/3.5.13/i40evf-3.5.13.tar.gz/download#http##
ibsh-0.3e.tar.gz#cgcs-users-1.0#https://sourceforge.net/projects/ibsh/files/ibsh/ibsh-0.3e/ibsh-0.3e.tar.gz/download#http##
!integrity-kmod-e6aef069.tar.gz#integrity#http://git.infradead.org/users/jjs/linux-tpmdd.git/snapshot/e6aef069b6e97790cb127d5eeb86ae9ff0b7b0e3.tar.gz#http_script##post-dl-script/integrity-kmod.sh
ixgbe-5.3.7.tar.gz#ixgbe-5.3.7#https://sourceforge.net/projects/e1000/files/ixgbe%20stable/5.3.7/ixgbe-5.3.7.tar.gz/download#http##
ixgbevf-4.3.5.tar.gz#ixgbevf-4.3.5#https://sourceforge.net/projects/e1000/files/ixgbevf%20stable/4.3.5/ixgbevf-4.3.5.tar.gz/download#http##
keycodemapdb-16e5b07.tar.gz#keycodemapdb#https://github.com/CendioOssman/keycodemapdb/tarball/16e5b0787687d8904dad2c026107409eb9bfcb95#http##
kvm-unit-tests.git-4ea7633.tar.bz2#kvm-unit-tests#https://git.kernel.org/pub/scm/virt/kvm/kvm-unit-tests.git/snapshot/kvm-unit-tests-20171020.tar.gz#http##
ldapscripts-2.0.8.tgz#ldapscripts-2.0.8#https://sourceforge.net/projects/ldapscripts/files/ldapscripts/ldapscripts-2.0.8/ldapscripts-2.0.8.tgz/download#http##
libtpms-0.6.0-4f0d59d.tar.gz#libtpms-0.6.0#https://github.com/stefanberger/libtpms/tarball/c421ca0f4d00c0caceeda8d62c1efb2b7e47db04#http##
lldpd-0.9.0.tar.gz#lldpd-0.9.0#https://media.luffy.cx/files/lldpd/lldpd-0.9.0.tar.gz#http##
!mariadb-10.1.28.tar.gz#mariadb-10.1.28#https://github.com/MariaDB/server/archive/mariadb-10.1.28.tar.gz#http_script##post-dl-script/mariadb.sh
!MLNX_OFED_LINUX-4.2-1.2.0.0-rhel7.4-x86_64.tgz#MLNX_OFED_LINUX-4.2-1.2.0.0-rhel7.4-x86_64#http://www.mellanox.com/downloads/ofed/MLNX_OFED-4.2-1.2.0.0/MLNX_OFED_LINUX-4.2-1.2.0.0-rhel7.4-x86_64.tgz#http_script##post-dl-script/MLNX_OFED.sh
!MLNX_OFED_LINUX-4.3-1.0.1.0-rhel7.4-x86_64.tgz#MLNX_OFED_LINUX-4.3-1.0.1.0-rhel7.4-x86_64#http://www.mellanox.com/downloads/ofed/MLNX_OFED-4.3-1.0.1.0/MLNX_OFED_LINUX-4.3-1.0.1.0-rhel7.4-x86_64.tgz#http_script##post-dl-script/MLNX_OFEDqat1.7.sh
!MLNX_OFED_LINUX-4.3-3.0.2.1-rhel7.5-x86_64.tgz#MLNX_OFED_LINUX-4.3-3.0.2.1-rhel7.5-x86_64#http://www.mellanox.com/downloads/ofed/MLNX_OFED-4.3-3.0.2.1/MLNX_OFED_LINUX-4.3-3.0.2.1-rhel7.5-x86_64.tgz#http_script##post-dl-script/MLNX_OFEDqat1.7.sh
python-cephclient-v0.1.0.5.tar.gz#python-cephclient-0.1.0.5#https://github.com/dmsimard/python-cephclient/archive/v0.1.0.5.tar.gz#http##
python-setuptools-v38.5.1.tar.gz#setuptools-38.5.1#https://github.com/pypa/setuptools/archive/v38.5.1.tar.gz#http##
python-smartpm-1.4.1.tar.gz#smart-1.4.1#http://launchpad.net/smart/trunk/1.4.1/+download/smart-1.4.1.tar.bz2#http##
!qat1.7.upstream.l.1.0.3-42.tar.gz#quickassist#https://01.org/sites/default/files/downloads/intelr-quickassist-technology/qat1.7.upstream.l.1.0.3-42.tar.gz#http_script##post-dl-script/qat1.7.sh
requests-toolbelt-0.5.1.tar.gz#requests-toolbelt-0.5.1#https://github.com/requests/toolbelt/archive/0.5.1.tar.gz#http##
rpm-4.14.0.tar.bz2#rpm-4.14.0#https://ftp.osuosl.org/pub/rpm/releases/rpm-4.14.x/rpm-4.14.0.tar.bz2#http##
swtpm-0.1.0-253eac5.tar.gz#swtpm-0.1.0#https://github.com/stefanberger/swtpm/tarball/1303be7d03294fb02204cb8242f366cbf0da076d#http##
!tpm-kmod-e6aef069.tar.gz#tpm#http://git.infradead.org/users/jjs/linux-tpmdd.git/snapshot/e6aef069b6e97790cb127d5eeb86ae9ff0b7b0e3.tar.gz#http_script#post-dl-script/tpm-kmod.sh
!tss2-930.tar.gz#tss2-930#https://sourceforge.net/code-snapshots/git/i/ib/ibmtpm20tss/tss.git/ibmtpm20tss-tss-52539cb81c811c973b26ed23fafd28a700b7cc78.zip#http##
spectre-meltdown-checker-0.37+-5cc77741.tar.gz#spectre-meltdown-checker#https://github.com/speed47/spectre-meltdown-checker/tarball/5cc77741af1d2f52140aa9f89339f56b6c4b6783#http##
puppet-boolean-22b726dd78b0a60a224cc7054aebbf28e9306f62.tar.gz#puppet-boolean#https://github.com/voxpupuli/puppet-boolean/tarball/22b726dd78b0a60a224cc7054aebbf28e9306f62#http##
puppet-dnsmasq-cff07e90890662972c97684a2baee964f68ff3ed.tar.gz#packstack/puppet/modules/dnsmasq/#https://github.com/procore/puppet-dnsmasq/tarball/cff07e90890662972c97684a2baee964f68ff3ed#http##
puppet-filemapper-9b53310278e76827bbe12a36cc6470d77071abb2.tar.gz#packstack/puppet/modules/filemapper#https://github.com/voxpupuli/puppet-filemapper/tarball/9b53310278e76827bbe12a36cc6470d77071abb2#http##
puppetlabs-create_resources-4639819a7f3a4fa9310d2ba583c63e467df7e2c3.tar.gz#packstack/puppet/modules/create_resources#https://github.com/puppetlabs/puppetlabs-create_resources/tarball/4639819a7f3a4fa9310d2ba583c63e467df7e2c3#http##
puppetlabs-drbd-496b3ba9cd74a2d12636f9e90a718739a5451169.tar.gz#puppetlabs-drbd#https://github.com/voxpupuli/puppet-drbd/tarball/496b3ba9cd74a2d12636f9e90a718739a5451169#http##
puppetlabs-lvm-d0283da637ae24550fb4ba109a48ef8d5d8c8b84.tar.gz#packstack/puppet/modules/lvm#https://github.com/puppetlabs/puppetlabs-lvm/tarball/d0283da637ae24550fb4ba109a48ef8d5d8c8b84#http##
puppetlabs-postgresql-d022a56b28b2174456fc0f6adc51a4b54493afad.tar.gz#puppetlabs-postgresql#https://github.com/puppetlabs/puppetlabs-postgresql/tarball/d022a56b28b2174456fc0f6adc51a4b54493afad#http##
puppet-ldap-480f13af6d17d1d3fcf0dc7b4bd04b49fa4099e1.tar.gz#puppet-ldap-master#https://github.com/torian/puppet-ldap/tarball/480f13af6d17d1d3fcf0dc7b4bd04b49fa4099e1#http##
puppet-network-7deacd5fdc22c0543455878a8d1872f2f5417c1d.tar.gz#packstack/puppet/modules/network#https://github.com/voxpupuli/puppet-network/tarball/7deacd5fdc22c0543455878a8d1872f2f5417c1d#http##
puppet-nslcd-b8c19b1ada89865f2e50758e054583798ad8011a.tar.gz#packstack/puppet/modules/nslcd#https://github.com/jlyheden/puppet-nslcd/tarball/b8c19b1ada89865f2e50758e054583798ad8011a#http##
puppi-c1c47f4edfd761d1bbde32a75da0c3fa7cc93a81.tar.gz#puppi-master#https://github.com/example42/puppi/tarball/c1c47f4edfd761d1bbde32a75da0c3fa7cc93a81#http##
helm-v2.12.1-linux-amd64.tar.gz#linux-amd64#https://storage.googleapis.com/kubernetes-helm/helm-v2.12.1-linux-amd64.tar.gz#http##
openstack-helm-9d72fe1a501bc609a875eebf7b6274e18600ed70.tar.gz#openstack-helm#https://github.com/openstack/openstack-helm/archive/9d72fe1a501bc609a875eebf7b6274e18600ed70.tar.gz#http##
openstack-helm-infra-5d356f9265b337b75f605dee839faa8cd0ed3ab2.tar.gz#openstack-helm-infra#https://github.com/openstack/openstack-helm-infra/archive/5d356f9265b337b75f605dee839faa8cd0ed3ab2.tar.gz#http##
gnocchi-4.2.5.tar.gz#gnocchi-4.2.5#https://pypi.io/packages/source/g/gnocchi/gnocchi-4.2.5.tar.gz#http##
gnocchiclient-7.0.1.tar.gz#gnocchiclient-7.0.1#https://pypi.io/packages/source/g/gnocchiclient/gnocchiclient-7.0.1.tar.gz#http##
kubernetes-v1.12.3.tar.gz#kubernetes-1.12.3#https://github.com/kubernetes/kubernetes/archive/v1.12.3.tar.gz#http##
kubernetes-contrib-v1.12.1.tar.gz#kubernetes-contrib-1.12.1#https://github.com/kubernetes/contrib/tarball/4b2a8512a95611acb174bd306e501719ce70b1cf#http##
gorilla-mux-456bcfa82d672db7cae587c9b541463f65bc2718.tar.gz#gorilla-mux#https://github.com/gorilla/mux/archive/456bcfa82d672db7cae587c9b541463f65bc2718.tar.gz#http##
gorilla-context-08b5f424b9271eedf6f9f0ce86cb9396ed337a42.tar.gz#gorilla-context#https://github.com/gorilla/context/archive/08b5f424b9271eedf6f9f0ce86cb9396ed337a42.tar.gz#http##
Sirupsen-logrus-55eb11d21d2a31a3cc93838241d04800f52e823d.tar.gz#Sirupsen-logrus#github.com/Sirupsen/logrus/archive/55eb11d21d2a31a3cc93838241d04800f52e823d.tar.gz#http##
gophercloud-gophercloud-aa00757ee3ab58e53520b6cb910ca0543116400a.tar.gz#gophercloud-gophercloud#github.com/gophercloud/gophercloud/archive/aa00757ee3ab58e53520b6cb910ca0543116400a.tar.gz#http##
docker-libtrust-fa567046d9b14f6aa788882a950d69651d230b21.tar.gz#docker-libtrust#https://github.com/docker/libtrust/archive/fa567046d9b14f6aa788882a950d69651d230b21.tar.gz#http##
docker-distribution-48294d928ced5dd9b378f7fd7c6f5da3ff3f2c89.tar.gz#docker-distribution#github.com/docker/distribution/archive/48294d928ced5dd9b378f7fd7c6f5da3ff3f2c89.tar.gz#http##
