dpdk-17.05.2.tar.gz,dpdk-stable-17.05.2,cd9d2bdcabbfed1cf0d385bb2b191c6f,https://fast.dpdk.org/rel/dpdk-17.05.2.tar.gz
dpkg_1.18.24.tar.xz,dpkg-1.18.24,02e8af8faf1e689228da806c3e8c6882,http://http.debian.net/debian/pool/main/d/dpkg/dpkg_1.18.24.tar.xz
drbd-8.4.3.tar.gz,drbd-8.4.3,0c54a69603fa28b41de5fb33e03fd9e8,http://www.linbit.com/downloads/drbd/8.4/archive/drbd-8.4.3.tar.gz
drbd-8.4.7-1.tar.gz,drbd-8.4.7-1,aabd6c255cdf11d341c862ed65c64f53,http://www.linbit.com/downloads/drbd/8.4/drbd-8.4.7-1.tar.gz
dtc-1.4.4.tar.gz,dtc-1.4.4,e558cd0e244f122bcb4ebaca166aea4e,https://www.kernel.org/pub/software/utils/dtc/dtc-1.4.4.tar.gz
e1000e-3.4.1.1.tar.gz,e1000e-3.4.1.1,e83667adeefcafe31a6d200a1edeff72,https://sourceforge.net/projects/e1000/files/e1000e%20stable/3.4.1.1/e1000e-3.4.1.1.tar.gz
expect-lite_4.9.0.tar.gz,expect-lite.proj,c2d4bd9bca99e04c39ada6973d8612ea,https://sourceforge.net/projects/expect-lite/files/expect-lite/expect-lite_4.9.0/expect-lite_4.9.0.tar.gz
gnulib-ffc927e.tar.gz,gnulib-ffc927e,Skip,http://git.savannah.gnu.org/cgit/gnulib.git/snapshot/gnulib-ffc927eef29016a5219cd969daad8928af6a1f4d.tar.gz
i40e-2.4.10.tar.gz,i40e-2.4.10,379793d1e3eb408a1a46ddeee94bc27b,https://sourceforge.net/projects/e1000/files/i40e%20stable/2.4.10/i40e-2.4.10.tar.gz/download
i40evf-3.5.13.tar.gz,i40evf-3.5.13,9e9397d2d6f1a13cb038a4acbd077ec0,https://sourceforge.net/projects/e1000/files/i40evf%20stable/3.5.13/i40evf-3.5.13.tar.gz/download
ibsh-0.3e.tar.gz,cgcs-users-1.0,Skip,https://downloads.sourceforge.net/project/ibsh/ibsh/ibsh-0.3e/ibsh-0.3e.tar.gz
integrity-kmod-e6aef069.tar.gz,integrity,Skip,http://git.infradead.org/users/jjs/linux-tpmdd.git/snapshot/e6aef069b6e97790cb127d5eeb86ae9ff0b7b0e3.tar.gz
ixgbe-5.3.7.tar.gz,ixgbe-5.3.7,7d02dd0173bc8a2a043b0c87817d6c37,https://sourceforge.net/projects/e1000/files/ixgbe%20stable/5.3.7/ixgbe-5.3.7.tar.gz/download
ixgbevf-4.3.5.tar.gz,ixgbevf-4.3.5,cdd9c52f034223c114d4b10345d11fe9,https://sourceforge.net/projects/e1000/files/ixgbevf%20stable/4.3.5/ixgbevf-4.3.5.tar.gz/download
keycodemapdb-8370ba8.tar.gz,keycodemapdb,Skip,https://github.com/CendioOssman/keycodemapdb/tarball/8370ba868ef76f816842ba934a2e57d43c882a00
kvm-unit-tests.git-4ea7633.tar.bz2,kvm-unit-tests,Skip,https://git.kernel.org/pub/scm/virt/kvm/kvm-unit-tests.git/snapshot/kvm-unit-tests-20171020.tar.gz
ldapscripts-2.0.8.tgz,ldapscripts-2.0.8,99a7222215eaea2c8bc790d0437f22ea,https://sourceforge.net/projects/ldapscripts/files/ldapscripts/ldapscripts-2.0.8/ldapscripts-2.0.8.tgz/download
libtpms-0.6.0-4f0d59d.tar.gz,libtpms-0.6.0,Skip,https://github.com/stefanberger/libtpms/tarball/c421ca0f4d00c0caceeda8d62c1efb2b7e47db04
lldpd-0.9.0.tar.gz,lldpd-0.9.0,ed0226129b0c90b3a45c273fe1aba8de,https://media.luffy.cx/files/lldpd/lldpd-0.9.0.tar.gz
mariadb-10.1.28.tar.gz,mariadb-10.1.28,Skip,https://github.com/MariaDB/server/archive/mariadb-10.1.28.tar.gz
MLNX_OFED_LINUX-4.2-1.2.0.0-rhel7.4-x86_64.tgz,libibverbs-41mlnx1-OFED.4.2.1.0.6.42120.src.rpm,5959729c6971a4ee2eb08b7626eabc2e,http://www.mellanox.com/downloads/ofed/MLNX_OFED-4.2-1.2.0.0/MLNX_OFED_LINUX-4.2-1.2.0.0-rhel7.4-x86_64.tgz
MLNX_OFED_LINUX-4.3-1.0.1.0-rhel7.4-x86_64.tgz,mlnx-ofa_kernel-4.3-OFED.4.3.1.0.1.1.g8509e41.src.rpm,38c31c0158886c1f9bce1457fdbad769,http://www.mellanox.com/downloads/ofed/MLNX_OFED-4.3-1.0.1.0/MLNX_OFED_LINUX-4.3-1.0.1.0-rhel7.4-x86_64.tgz
MLNX_OFED_LINUX-4.3-1.0.1.0-rhel7.4-x86_64.tgz,rdma-core-43mlnx1-1.43101.src.rpm,1e7937e2ed39556fc6321bb3955fd313,http://www.mellanox.com/downloads/ofed/MLNX_OFED-4.3-1.0.1.0/MLNX_OFED_LINUX-4.3-1.0.1.0-rhel7.4-x86_64.tgz
MLNX_OFED_LINUX-4.3-3.0.2.1-rhel7.5-x86_64.tgz,mlnx-ofa_kernel-4.3-OFED.4.3.3.0.2.1.gcf60532.src.rpm,b98bf00348d2e3ad24ae7c36d3113904,http://www.mellanox.com/downloads/ofed/MLNX_OFED-4.3-3.0.2.1/MLNX_OFED_LINUX-4.3-3.0.2.1-rhel7.5-x86_64.tgz
MLNX_OFED_LINUX-4.3-3.0.2.1-rhel7.5-x86_64.tgz,rdma-core-43mlnx1-1.43302.src.rpm,9a6ca0b49a17610c074690d82a7fc6e2,http://www.mellanox.com/downloads/ofed/MLNX_OFED-4.3-3.0.2.1/MLNX_OFED_LINUX-4.3-3.0.2.1-rhel7.5-x86_64.tgz
mvn.repo.tgz,mvn,Skip,https://repo.maven.apache.org/maven2
openvswitch-2.8.1.tar.gz,openvswitch-2.8.1,837e291cfd60af0fc455e77deb2e1172,http://openvswitch.org/releases/openvswitch-2.8.1.tar.gz
python-cephclient-v0.1.0.5.tar.gz,python-cephclient-0.1.0.5,e3746607f1af1573a241b4995c10c938,https://github.com/dmsimard/python-cephclient/archive/v0.1.0.5.tar.gz
python-setuptools-v38.5.1.tar.gz,setuptools-38.5.1,341fd77e18e8033ddf670a8f4d4dec56,https://github.com/pypa/setuptools/archive/v38.5.1.tar.gz
python-smartpm-1.4.1.tar.gz,smart-1.4.1,573ef32ba177a6b3c4bf7ef04873fcb6,http://launchpad.net/smart/trunk/1.4.1/+download/smart-1.4.1.tar.bz2
qat1.7.upstream.l.1.0.3-42.tar.gz,quickassist,Skip,https://01.org/sites/default/files/downloads/intelr-quickassist-technology/qat1.7.upstream.l.1.0.3-42.tar.gz
requests-toolbelt-0.5.1.tar.gz,requests-toolbelt-0.5.1,Skip,https://github.com/requests/toolbelt/archive/0.5.1.tar.gz
rpm-4.14.0.tar.bz2,rpm-4.14.0,0214665617f41954d69c7ff550ae8956,https://ftp.osuosl.org/pub/rpm/releases/rpm-4.14.x/rpm-4.14.0.tar.bz2
tpm-kmod-e6aef069.tar.gz,tpm,Skip,http://git.infradead.org/users/jjs/linux-tpmdd.git/snapshot/e6aef069b6e97790cb127d5eeb86ae9ff0b7b0e3.tar.gz
tss2-930.tar.gz,tss2-930,Skip,https://sourceforge.net/code-snapshots/git/i/ib/ibmtpm20tss/tss.git/ibmtpm20tss-tss-52539cb81c811c973b26ed23fafd28a700b7cc78.zip
swtpm-0.1.0-253eac5.tar.gz,swtpm-0.1.0,Skip,https://github.com/stefanberger/swtpm/tarball/1303be7d03294fb02204cb8242f366cbf0da076d
spectre-meltdown-checker-0.37+-5cc77741.tar.gz,spectre-meltdown-checker,Skip,https://github.com/speed47/spectre-meltdown-checker/tarball/5cc77741af1d2f52140aa9f89339f56b6c4b6783
puppet-boolean-22b726dd78b0a60a224cc7054aebbf28e9306f62.tar.gz,puppet-boolean,Skip,https://github.com/voxpupuli/puppet-boolean/tarball/22b726dd78b0a60a224cc7054aebbf28e9306f62
puppet-dnsmasq-cff07e90890662972c97684a2baee964f68ff3ed.tar.gz,packstack/puppet/modules/dnsmasq/,Skip,https://github.com/procore/puppet-dnsmasq/tarball/cff07e90890662972c97684a2baee964f68ff3ed
puppet-filemapper-9b53310278e76827bbe12a36cc6470d77071abb2.tar.gz,packstack/puppet/modules/filemapper,Skip,https://github.com/voxpupuli/puppet-filemapper/tarball/9b53310278e76827bbe12a36cc6470d77071abb2
puppetlabs-create_resources-4639819a7f3a4fa9310d2ba583c63e467df7e2c3.tar.gz,packstack/puppet/modules/create_resources,Skip,https://github.com/puppetlabs/puppetlabs-create_resources/tarball/4639819a7f3a4fa9310d2ba583c63e467df7e2c3
puppetlabs-drbd-496b3ba9cd74a2d12636f9e90a718739a5451169.tar.gz,puppetlabs-drbd,Skip,https://github.com/voxpupuli/puppet-drbd/tarball/496b3ba9cd74a2d12636f9e90a718739a5451169
puppetlabs-lvm-d0283da637ae24550fb4ba109a48ef8d5d8c8b84.tar.gz,packstack/puppet/modules/lvm,Skip,https://github.com/puppetlabs/puppetlabs-lvm/tarball/d0283da637ae24550fb4ba109a48ef8d5d8c8b84
puppetlabs-postgresql-d022a56b28b2174456fc0f6adc51a4b54493afad.tar.gz,puppetlabs-postgresql,Skip,https://github.com/puppetlabs/puppetlabs-postgresql/tarball/d022a56b28b2174456fc0f6adc51a4b54493afad
puppet-ldap-480f13af6d17d1d3fcf0dc7b4bd04b49fa4099e1.tar.gz,puppet-ldap-master,Skip,https://github.com/torian/puppet-ldap/tarball/480f13af6d17d1d3fcf0dc7b4bd04b49fa4099e1
puppet-network-7deacd5fdc22c0543455878a8d1872f2f5417c1d.tar.gz,packstack/puppet/modules/network,Skip,https://github.com/voxpupuli/puppet-network/tarball/7deacd5fdc22c0543455878a8d1872f2f5417c1d
puppet-nslcd-b8c19b1ada89865f2e50758e054583798ad8011a.tar.gz,packstack/puppet/modules/nslcd,Skip,https://github.com/jlyheden/puppet-nslcd/tarball/b8c19b1ada89865f2e50758e054583798ad8011a
puppi-c1c47f4edfd761d1bbde32a75da0c3fa7cc93a81.tar.gz,puppi-master,Skip,https://github.com/example42/puppi/tarball/c1c47f4edfd761d1bbde32a75da0c3fa7cc93a81
helm-v2.9.1-linux-amd64.tar.gz,linux-amd64,68707318216ef44202bed869bbc54a4e,https://storage.googleapis.com/kubernetes-helm/helm-v2.9.1-linux-amd64.tar.gz
gnocchi-4.2.5.tar.gz,gnocchi-4.2.5,e7921a12de57b6d5b1c1695049924d57,https://pypi.io/packages/source/g/gnocchi/gnocchi-4.2.5.tar.gz
gnocchiclient-7.0.1.tar.gz,gnocchiclient-7.0.1,b32f3d8ca7c53a953428ff034a61f87d,https://pypi.io/packages/source/g/gnocchiclient/gnocchiclient-7.0.1.tar.gz
