dpdk-17.05.2.tar.gz#dpdk-stable-17.05.2#https://fast.dpdk.org/rel/dpdk-17.05.2.tar.gz
dpkg_1.18.24.tar.xz#dpkg-1.18.24#http://http.debian.net/debian/pool/main/d/dpkg/dpkg_1.18.24.tar.xz
drbd-8.4.3.tar.gz#drbd-8.4.3#http://www.linbit.com/downloads/drbd/8.4/archive/drbd-8.4.3.tar.gz
drbd-8.4.11-1.tar.gz#drbd-8.4.11-1#http://www.linbit.com/downloads/drbd/8.4/drbd-8.4.11-1.tar.gz
dtc-1.4.4.tar.gz#dtc-1.4.4#https://www.kernel.org/pub/software/utils/dtc/dtc-1.4.4.tar.gz
e1000e-3.4.1.1.tar.gz#e1000e-3.4.1.1#https://sourceforge.net/projects/e1000/files/e1000e%20stable/3.4.1.1/e1000e-3.4.1.1.tar.gz
gnulib-ffc927e.tar.gz#gnulib-ffc927e#http://git.savannah.gnu.org/cgit/gnulib.git/snapshot/gnulib-ffc927eef29016a5219cd969daad8928af6a1f4d.tar.gz
i40e-2.4.10.tar.gz#i40e-2.4.10#https://sourceforge.net/projects/e1000/files/i40e%20stable/2.4.10/i40e-2.4.10.tar.gz/download
i40evf-3.5.13.tar.gz#i40evf-3.5.13#https://sourceforge.net/projects/e1000/files/i40evf%20stable/3.5.13/i40evf-3.5.13.tar.gz/download
ibsh-0.3e.tar.gz#cgcs-users-1.0#https://sourceforge.net/projects/ibsh/files/ibsh/ibsh-0.3e/ibsh-0.3e.tar.gz/download
!integrity-kmod-e6aef069.tar.gz#integrity#http://git.infradead.org/users/jjs/linux-tpmdd.git/snapshot/e6aef069b6e97790cb127d5eeb86ae9ff0b7b0e3.tar.gz
ixgbe-5.3.7.tar.gz#ixgbe-5.3.7#https://sourceforge.net/projects/e1000/files/ixgbe%20stable/5.3.7/ixgbe-5.3.7.tar.gz/download
ixgbevf-4.3.5.tar.gz#ixgbevf-4.3.5#https://sourceforge.net/projects/e1000/files/ixgbevf%20stable/4.3.5/ixgbevf-4.3.5.tar.gz/download
keycodemapdb-8370ba8.tar.gz#keycodemapdb#https://github.com/CendioOssman/keycodemapdb/tarball/8370ba868ef76f816842ba934a2e57d43c882a00
kvm-unit-tests.git-4ea7633.tar.bz2#kvm-unit-tests#https://git.kernel.org/pub/scm/virt/kvm/kvm-unit-tests.git/snapshot/kvm-unit-tests-20171020.tar.gz
ldapscripts-2.0.8.tgz#ldapscripts-2.0.8#https://sourceforge.net/projects/ldapscripts/files/ldapscripts/ldapscripts-2.0.8/ldapscripts-2.0.8.tgz/download
libtpms-0.6.0-4f0d59d.tar.gz#libtpms-0.6.0#https://github.com/stefanberger/libtpms/tarball/c421ca0f4d00c0caceeda8d62c1efb2b7e47db04
lldpd-0.9.0.tar.gz#lldpd-0.9.0#https://media.luffy.cx/files/lldpd/lldpd-0.9.0.tar.gz
!mariadb-10.1.28.tar.gz#mariadb-10.1.28#https://github.com/MariaDB/server/archive/mariadb-10.1.28.tar.gz
!MLNX_OFED_LINUX-4.2-1.2.0.0-rhel7.4-x86_64.tgz#MLNX_OFED_LINUX-4.2-1.2.0.0-rhel7.4-x86_64#http://www.mellanox.com/downloads/ofed/MLNX_OFED-4.2-1.2.0.0/MLNX_OFED_LINUX-4.2-1.2.0.0-rhel7.4-x86_64.tgz
!MLNX_OFED_LINUX-4.3-1.0.1.0-rhel7.4-x86_64.tgz#MLNX_OFED_LINUX-4.3-1.0.1.0-rhel7.4-x86_64#http://www.mellanox.com/downloads/ofed/MLNX_OFED-4.3-1.0.1.0/MLNX_OFED_LINUX-4.3-1.0.1.0-rhel7.4-x86_64.tgz
!MLNX_OFED_LINUX-4.3-3.0.2.1-rhel7.5-x86_64.tgz#MLNX_OFED_LINUX-4.3-3.0.2.1-rhel7.5-x86_64#http://www.mellanox.com/downloads/ofed/MLNX_OFED-4.3-3.0.2.1/MLNX_OFED_LINUX-4.3-3.0.2.1-rhel7.5-x86_64.tgz
!mvn.repo.tgz#mvn#https://repo.maven.apache.org/maven2
openvswitch-2.8.1.tar.gz#openvswitch-2.8.1#http://openvswitch.org/releases/openvswitch-2.8.1.tar.gz
python-cephclient-v0.1.0.5.tar.gz#python-cephclient-0.1.0.5#https://github.com/dmsimard/python-cephclient/archive/v0.1.0.5.tar.gz
python-setuptools-v38.5.1.tar.gz#setuptools-38.5.1#https://github.com/pypa/setuptools/archive/v38.5.1.tar.gz
python-smartpm-1.4.1.tar.gz#smart-1.4.1#http://launchpad.net/smart/trunk/1.4.1/+download/smart-1.4.1.tar.bz2
!qat1.7.upstream.l.1.0.3-42.tar.gz#quickassist#https://01.org/sites/default/files/downloads/intelr-quickassist-technology/qat1.7.upstream.l.1.0.3-42.tar.gz
requests-toolbelt-0.5.1.tar.gz#requests-toolbelt-0.5.1#https://github.com/requests/toolbelt/archive/0.5.1.tar.gz
rpm-4.14.0.tar.bz2#rpm-4.14.0#https://ftp.osuosl.org/pub/rpm/releases/rpm-4.14.x/rpm-4.14.0.tar.bz2
swtpm-0.1.0-253eac5.tar.gz#swtpm-0.1.0#https://github.com/stefanberger/swtpm/tarball/1303be7d03294fb02204cb8242f366cbf0da076d
!tpm-kmod-e6aef069.tar.gz#tpm#http://git.infradead.org/users/jjs/linux-tpmdd.git/snapshot/e6aef069b6e97790cb127d5eeb86ae9ff0b7b0e3.tar.gz
!tss2-930.tar.gz#tss2-930#https://sourceforge.net/code-snapshots/git/i/ib/ibmtpm20tss/tss.git/ibmtpm20tss-tss-52539cb81c811c973b26ed23fafd28a700b7cc78.zip
spectre-meltdown-checker-0.37+-5cc77741.tar.gz#spectre-meltdown-checker#https://github.com/speed47/spectre-meltdown-checker/tarball/5cc77741af1d2f52140aa9f89339f56b6c4b6783
puppet-boolean-22b726dd78b0a60a224cc7054aebbf28e9306f62.tar.gz#puppet-boolean#https://github.com/voxpupuli/puppet-boolean/tarball/22b726dd78b0a60a224cc7054aebbf28e9306f62
puppet-dnsmasq-cff07e90890662972c97684a2baee964f68ff3ed.tar.gz#packstack/puppet/modules/dnsmasq/#https://github.com/procore/puppet-dnsmasq/tarball/cff07e90890662972c97684a2baee964f68ff3ed
puppet-filemapper-9b53310278e76827bbe12a36cc6470d77071abb2.tar.gz#packstack/puppet/modules/filemapper#https://github.com/voxpupuli/puppet-filemapper/tarball/9b53310278e76827bbe12a36cc6470d77071abb2
puppetlabs-create_resources-4639819a7f3a4fa9310d2ba583c63e467df7e2c3.tar.gz#packstack/puppet/modules/create_resources#https://github.com/puppetlabs/puppetlabs-create_resources/tarball/4639819a7f3a4fa9310d2ba583c63e467df7e2c3
puppetlabs-drbd-496b3ba9cd74a2d12636f9e90a718739a5451169.tar.gz#puppetlabs-drbd#https://github.com/voxpupuli/puppet-drbd/tarball/496b3ba9cd74a2d12636f9e90a718739a5451169
puppetlabs-lvm-d0283da637ae24550fb4ba109a48ef8d5d8c8b84.tar.gz#packstack/puppet/modules/lvm#https://github.com/puppetlabs/puppetlabs-lvm/tarball/d0283da637ae24550fb4ba109a48ef8d5d8c8b84
puppetlabs-postgresql-d022a56b28b2174456fc0f6adc51a4b54493afad.tar.gz#puppetlabs-postgresql#https://github.com/puppetlabs/puppetlabs-postgresql/tarball/d022a56b28b2174456fc0f6adc51a4b54493afad
puppet-ldap-480f13af6d17d1d3fcf0dc7b4bd04b49fa4099e1.tar.gz#puppet-ldap-master#https://github.com/torian/puppet-ldap/tarball/480f13af6d17d1d3fcf0dc7b4bd04b49fa4099e1
puppet-network-7deacd5fdc22c0543455878a8d1872f2f5417c1d.tar.gz#packstack/puppet/modules/network#https://github.com/voxpupuli/puppet-network/tarball/7deacd5fdc22c0543455878a8d1872f2f5417c1d
puppet-nslcd-b8c19b1ada89865f2e50758e054583798ad8011a.tar.gz#packstack/puppet/modules/nslcd#https://github.com/jlyheden/puppet-nslcd/tarball/b8c19b1ada89865f2e50758e054583798ad8011a
puppi-c1c47f4edfd761d1bbde32a75da0c3fa7cc93a81.tar.gz#puppi-master#https://github.com/example42/puppi/tarball/c1c47f4edfd761d1bbde32a75da0c3fa7cc93a81
helm-v2.9.1-linux-amd64.tar.gz#linux-amd64#https://storage.googleapis.com/kubernetes-helm/helm-v2.9.1-linux-amd64.tar.gz
gnocchi-4.2.5.tar.gz#gnocchi-4.2.5#https://pypi.io/packages/source/g/gnocchi/gnocchi-4.2.5.tar.gz
gnocchiclient-7.0.1.tar.gz#gnocchiclient-7.0.1#https://pypi.io/packages/source/g/gnocchiclient/gnocchiclient-7.0.1.tar.gz
